Archive member included to satisfy reference by file (symbol)

/usr/lib/gcc/arm-none-eabi/10.3.1/thumb/v6-m/nofp/libgcc.a(_dvmd_tls.o)
                              CMakeFiles/beep_beep_rev.dir/home/fahim/pico/pico-sdk/src/rp2_common/pico_divider/divider.S.obj (__aeabi_idiv0)
/usr/lib/gcc/arm-none-eabi/10.3.1/../../../arm-none-eabi/lib/thumb/v6-m/nofp/libc.a(lib_a-atexit.o)
                              /usr/lib/gcc/arm-none-eabi/10.3.1/../../../arm-none-eabi/lib/thumb/v6-m/nofp/crt0.o (atexit)
/usr/lib/gcc/arm-none-eabi/10.3.1/../../../arm-none-eabi/lib/thumb/v6-m/nofp/libc.a(lib_a-calloc.o)
                              CMakeFiles/beep_beep_rev.dir/home/fahim/pico/pico-sdk/src/rp2_common/pico_malloc/pico_malloc.c.obj (calloc)
/usr/lib/gcc/arm-none-eabi/10.3.1/../../../arm-none-eabi/lib/thumb/v6-m/nofp/libc.a(lib_a-callocr.o)
                              /usr/lib/gcc/arm-none-eabi/10.3.1/../../../arm-none-eabi/lib/thumb/v6-m/nofp/libc.a(lib_a-calloc.o) (_calloc_r)
/usr/lib/gcc/arm-none-eabi/10.3.1/../../../arm-none-eabi/lib/thumb/v6-m/nofp/libc.a(lib_a-fini.o)
                              /usr/lib/gcc/arm-none-eabi/10.3.1/../../../arm-none-eabi/lib/thumb/v6-m/nofp/crt0.o (__libc_fini_array)
/usr/lib/gcc/arm-none-eabi/10.3.1/../../../arm-none-eabi/lib/thumb/v6-m/nofp/libc.a(lib_a-impure.o)
                              /usr/lib/gcc/arm-none-eabi/10.3.1/../../../arm-none-eabi/lib/thumb/v6-m/nofp/libc.a(lib_a-calloc.o) (_impure_ptr)
/usr/lib/gcc/arm-none-eabi/10.3.1/../../../arm-none-eabi/lib/thumb/v6-m/nofp/libc.a(lib_a-init.o)
                              /usr/lib/gcc/arm-none-eabi/10.3.1/../../../arm-none-eabi/lib/thumb/v6-m/nofp/crt0.o (__libc_init_array)
/usr/lib/gcc/arm-none-eabi/10.3.1/../../../arm-none-eabi/lib/thumb/v6-m/nofp/libc.a(lib_a-malloc.o)
                              CMakeFiles/beep_beep_rev.dir/home/fahim/pico/pico-sdk/src/rp2_common/pico_malloc/pico_malloc.c.obj (malloc)
/usr/lib/gcc/arm-none-eabi/10.3.1/../../../arm-none-eabi/lib/thumb/v6-m/nofp/libc.a(lib_a-mallocr.o)
                              /usr/lib/gcc/arm-none-eabi/10.3.1/../../../arm-none-eabi/lib/thumb/v6-m/nofp/libc.a(lib_a-callocr.o) (_malloc_r)
/usr/lib/gcc/arm-none-eabi/10.3.1/../../../arm-none-eabi/lib/thumb/v6-m/nofp/libc.a(lib_a-mlock.o)
                              /usr/lib/gcc/arm-none-eabi/10.3.1/../../../arm-none-eabi/lib/thumb/v6-m/nofp/libc.a(lib_a-mallocr.o) (__malloc_lock)
/usr/lib/gcc/arm-none-eabi/10.3.1/../../../arm-none-eabi/lib/thumb/v6-m/nofp/libc.a(lib_a-realloc.o)
                              CMakeFiles/beep_beep_rev.dir/home/fahim/pico/pico-sdk/src/rp2_common/pico_malloc/pico_malloc.c.obj (realloc)
/usr/lib/gcc/arm-none-eabi/10.3.1/../../../arm-none-eabi/lib/thumb/v6-m/nofp/libc.a(lib_a-reallocr.o)
                              /usr/lib/gcc/arm-none-eabi/10.3.1/../../../arm-none-eabi/lib/thumb/v6-m/nofp/libc.a(lib_a-realloc.o) (_realloc_r)
/usr/lib/gcc/arm-none-eabi/10.3.1/../../../arm-none-eabi/lib/thumb/v6-m/nofp/libc.a(lib_a-sbrkr.o)
                              /usr/lib/gcc/arm-none-eabi/10.3.1/../../../arm-none-eabi/lib/thumb/v6-m/nofp/libc.a(lib_a-mallocr.o) (_sbrk_r)
/usr/lib/gcc/arm-none-eabi/10.3.1/../../../arm-none-eabi/lib/thumb/v6-m/nofp/libc.a(lib_a-strlen-stub.o)
                              CMakeFiles/beep_beep_rev.dir/home/fahim/pico/pico-sdk/src/rp2_common/pico_stdio/stdio.c.obj (strlen)
/usr/lib/gcc/arm-none-eabi/10.3.1/../../../arm-none-eabi/lib/thumb/v6-m/nofp/libc.a(lib_a-__atexit.o)
                              /usr/lib/gcc/arm-none-eabi/10.3.1/../../../arm-none-eabi/lib/thumb/v6-m/nofp/libc.a(lib_a-atexit.o) (__register_exitproc)
/usr/lib/gcc/arm-none-eabi/10.3.1/../../../arm-none-eabi/lib/thumb/v6-m/nofp/libc.a(lib_a-freer.o)
                              /usr/lib/gcc/arm-none-eabi/10.3.1/../../../arm-none-eabi/lib/thumb/v6-m/nofp/libc.a(lib_a-malloc.o) (_free_r)
/usr/lib/gcc/arm-none-eabi/10.3.1/../../../arm-none-eabi/lib/thumb/v6-m/nofp/libc.a(lib_a-memmove.o)
                              /usr/lib/gcc/arm-none-eabi/10.3.1/../../../arm-none-eabi/lib/thumb/v6-m/nofp/libc.a(lib_a-reallocr.o) (memmove)
/usr/lib/gcc/arm-none-eabi/10.3.1/../../../arm-none-eabi/lib/thumb/v6-m/nofp/libc.a(lib_a-reent.o)
                              /usr/lib/gcc/arm-none-eabi/10.3.1/../../../arm-none-eabi/lib/thumb/v6-m/nofp/libc.a(lib_a-sbrkr.o) (errno)

Discarded input sections

 .text          0x0000000000000000        0x0 /usr/lib/gcc/arm-none-eabi/10.3.1/thumb/v6-m/nofp/crti.o
 .data          0x0000000000000000        0x0 /usr/lib/gcc/arm-none-eabi/10.3.1/thumb/v6-m/nofp/crti.o
 .bss           0x0000000000000000        0x0 /usr/lib/gcc/arm-none-eabi/10.3.1/thumb/v6-m/nofp/crti.o
 .data          0x0000000000000000        0x4 /usr/lib/gcc/arm-none-eabi/10.3.1/thumb/v6-m/nofp/crtbegin.o
 .rodata        0x0000000000000000       0x24 /usr/lib/gcc/arm-none-eabi/10.3.1/thumb/v6-m/nofp/crtbegin.o
[...]
Memory Configuration

Name             Origin             Length             Attributes
FLASH            0x0000000010000000 0x0000000000200000 xr
RAM              0x0000000020000000 0x0000000000040000 xrw
SCRATCH_X        0x0000000020040000 0x0000000000001000 xrw
SCRATCH_Y        0x0000000020041000 0x0000000000001000 xrw
*default*        0x0000000000000000 0xffffffffffffffff

Linker script and memory map

LOAD /usr/lib/gcc/arm-none-eabi/10.3.1/thumb/v6-m/nofp/crti.o
LOAD /usr/lib/gcc/arm-none-eabi/10.3.1/thumb/v6-m/nofp/crtbegin.o
LOAD /usr/lib/gcc/arm-none-eabi/10.3.1/../../../arm-none-eabi/lib/thumb/v6-m/nofp/crt0.o

.flash_begin    0x0000000010000000        0x0
                0x0000000010000000                __flash_binary_start = .

.boot2          0x0000000010000000      0x100
                0x0000000010000000                __boot2_start__ = .
 *(.boot2)
 .boot2         0x0000000010000000      0x100 /tmp/cc87Poae.o
                0x0000000010000100                __boot2_end__ = .
                0x0000000000000001                ASSERT (((__boot2_end__ - __boot2_start__) == 0x100), ERROR: Pico second stage bootloader must be 256 bytes in size)

.text           0x0000000010000100     0x55b0
                0x0000000010000100                __logical_binary_start = .
 *(.vectors)
 .vectors       0x0000000010000100       0xd4 CMakeFiles/beep_beep_rev.dir/home/fahim/pico/pico-sdk/src/rp2_common/pico_standard_link/crt0.S.obj
                0x0000000010000100                __vectors
                0x0000000010000100                __VECTOR_TABLE
                0x00000000100001c0                isr_invalid
                0x00000000100001c0                __default_isrs_start
                0x00000000100001c2                isr_nmi
                0x00000000100001c4                isr_hardfault
                0x00000000100001c6                isr_svcall
                0x00000000100001c8                isr_pendsv
                0x00000000100001ca                isr_systick
                0x00000000100001cc                isr_irq30
                0x00000000100001cc                __unhandled_user_irq
                0x00000000100001cc                isr_irq13
                0x00000000100001cc                isr_irq27
                0x00000000100001cc                isr_irq31
                0x00000000100001cc                isr_irq5
                0x00000000100001cc                isr_irq11
                0x00000000100001cc                isr_irq23
                0x00000000100001cc                isr_irq18
                0x00000000100001cc                isr_irq28
                0x00000000100001cc                isr_irq19
                0x00000000100001cc                isr_irq0
                0x00000000100001cc                isr_irq6
                0x00000000100001cc                isr_irq22
                0x00000000100001cc                isr_irq17
                0x00000000100001cc                isr_irq14
                0x00000000100001cc                isr_irq2
                0x00000000100001cc                isr_irq10
                0x00000000100001cc                isr_irq8
                0x00000000100001cc                isr_irq24
                0x00000000100001cc                isr_irq1
                0x00000000100001cc                isr_irq7
                0x00000000100001cc                isr_irq21
                0x00000000100001cc                isr_irq20
                0x00000000100001cc                isr_irq15
                0x00000000100001cc                isr_irq25
                0x00000000100001cc                isr_irq4
                0x00000000100001cc                isr_irq16
                0x00000000100001cc                isr_irq29
                0x00000000100001cc                isr_irq26
                0x00000000100001cc                __default_isrs_end
                0x00000000100001cc                isr_irq3
                0x00000000100001cc                isr_irq12
                0x00000000100001cc                isr_irq9
                0x00000000100001d2                unhandled_user_irq_num_in_r0
 *(.binary_info_header)
 .binary_info_header
                0x00000000100001d4       0x14 CMakeFiles/beep_beep_rev.dir/home/fahim/pico/pico-sdk/src/rp2_common/pico_standard_link/crt0.S.obj
                0x00000000100001e8                __binary_info_header_end = .
 *(.reset)
 .reset         0x00000000100001e8       0xa0 CMakeFiles/beep_beep_rev.dir/home/fahim/pico/pico-sdk/src/rp2_common/pico_standard_link/crt0.S.obj
                0x00000000100001e8                _entry_point
 .reset         0x0000000010000288       0x30 CMakeFiles/beep_beep_rev.dir/home/fahim/pico/pico-sdk/src/rp2_common/pico_standard_link/binary_info.c.obj
 *(.init)
 .init          0x00000000100002b8        0x4 /usr/lib/gcc/arm-none-eabi/10.3.1/thumb/v6-m/nofp/crti.o
                0x00000000100002b8                _init
 *(EXCLUDE_FILE(*libm.a: *libc.a:*lib_a-mem*.o *libgcc.a:) .text*)
 .text          0x00000000100002bc       0x98 /usr/lib/gcc/arm-none-eabi/10.3.1/thumb/v6-m/nofp/crtbegin.o
 .text.repeating_timer_callback_core_0
                0x0000000010000354       0xf8 CMakeFiles/beep_beep_rev.dir/beep_beep_rev.c.obj
                0x0000000010000354                repeating_timer_callback_core_0
 .text.protothread_core_0
                0x000000001000044c       0xdc CMakeFiles/beep_beep_rev.dir/beep_beep_rev.c.obj
 .text.protothread_sched.constprop.0.isra.0
                0x0000000010000528       0x70 CMakeFiles/beep_beep_rev.dir/beep_beep_rev.c.obj
 .text.protothread_sched1.constprop.0.isra.0
                0x0000000010000598       0x70 CMakeFiles/beep_beep_rev.dir/beep_beep_rev.c.obj
 .text.startup.main
                0x0000000010000608      0x1f0 CMakeFiles/beep_beep_rev.dir/beep_beep_rev.c.obj
                0x0000000010000608                main
 .text.lock_init
                0x00000000100007f8       0x10 CMakeFiles/beep_beep_rev.dir/home/fahim/pico/pico-sdk/src/common/pico_sync/lock_core.c.obj
                0x00000000100007f8                lock_init
 .text.mutex_init
                0x0000000010000808       0x1c CMakeFiles/beep_beep_rev.dir/home/fahim/pico/pico-sdk/src/common/pico_sync/mutex.c.obj
                0x0000000010000808                mutex_init
 .text.recursive_mutex_init
                0x0000000010000824       0x1c CMakeFiles/beep_beep_rev.dir/home/fahim/pico/pico-sdk/src/common/pico_sync/mutex.c.obj
                0x0000000010000824                recursive_mutex_init
 .text.timer_pool_entry_comparator
                0x0000000010000840       0x34 CMakeFiles/beep_beep_rev.dir/home/fahim/pico/pico-sdk/src/common/pico_time/time.c.obj
                0x0000000010000840                timer_pool_entry_comparator
 .text.repeating_timer_callback
                0x0000000010000874       0x1c CMakeFiles/beep_beep_rev.dir/home/fahim/pico/pico-sdk/src/common/pico_time/time.c.obj
 .text.sleep_until_callback
                0x0000000010000890       0x30 CMakeFiles/beep_beep_rev.dir/home/fahim/pico/pico-sdk/src/common/pico_time/time.c.obj
 .text.add_alarm_under_lock.isra.0
                0x00000000100008c0      0x100 CMakeFiles/beep_beep_rev.dir/home/fahim/pico/pico-sdk/src/common/pico_time/time.c.obj
 .text.alarm_pool_alarm_callback
                0x00000000100009c0      0x1bc CMakeFiles/beep_beep_rev.dir/home/fahim/pico/pico-sdk/src/common/pico_time/time.c.obj
 .text.alarm_pool_init_default
                0x0000000010000b7c       0x6c CMakeFiles/beep_beep_rev.dir/home/fahim/pico/pico-sdk/src/common/pico_time/time.c.obj
                0x0000000010000b7c                alarm_pool_init_default
 .text.alarm_pool_get_default
                0x0000000010000be8        0x8 CMakeFiles/beep_beep_rev.dir/home/fahim/pico/pico-sdk/src/common/pico_time/time.c.obj
                0x0000000010000be8                alarm_pool_get_default
 .text.alarm_pool_add_alarm_at
                0x0000000010000bf0      0x178 CMakeFiles/beep_beep_rev.dir/home/fahim/pico/pico-sdk/src/common/pico_time/time.c.obj
                0x0000000010000bf0                alarm_pool_add_alarm_at
 .text.alarm_pool_add_repeating_timer_us
                0x0000000010000d68      0x208 CMakeFiles/beep_beep_rev.dir/home/fahim/pico/pico-sdk/src/common/pico_time/time.c.obj
                0x0000000010000d68                alarm_pool_add_repeating_timer_us
 .text.sleep_until
                0x0000000010000f70       0xc4 CMakeFiles/beep_beep_rev.dir/home/fahim/pico/pico-sdk/src/common/pico_time/time.c.obj
                0x0000000010000f70                sleep_until
 .text.sleep_ms
                0x0000000010001034       0x34 CMakeFiles/beep_beep_rev.dir/home/fahim/pico/pico-sdk/src/common/pico_time/time.c.obj
                0x0000000010001034                sleep_ms
 .text.best_effort_wfe_or_timeout
                0x0000000010001068       0xd4 CMakeFiles/beep_beep_rev.dir/home/fahim/pico/pico-sdk/src/common/pico_time/time.c.obj
                0x0000000010001068                best_effort_wfe_or_timeout
 .text.hardware_alarm_irq_handler
                0x000000001000113c       0xbc CMakeFiles/beep_beep_rev.dir/home/fahim/pico/pico-sdk/src/rp2_common/hardware_timer/timer.c.obj
 .text.hardware_alarm_claim
                0x00000000100011f8       0x18 CMakeFiles/beep_beep_rev.dir/home/fahim/pico/pico-sdk/src/rp2_common/hardware_timer/timer.c.obj
                0x00000000100011f8                hardware_alarm_claim
 .text.time_us_64
                0x0000000010001210       0x14 CMakeFiles/beep_beep_rev.dir/home/fahim/pico/pico-sdk/src/rp2_common/hardware_timer/timer.c.obj
                0x0000000010001210                time_us_64
 .text.busy_wait_us
                0x0000000010001224       0x54 CMakeFiles/beep_beep_rev.dir/home/fahim/pico/pico-sdk/src/rp2_common/hardware_timer/timer.c.obj
                0x0000000010001224                busy_wait_us
 .text.busy_wait_until
                0x0000000010001278       0x20 CMakeFiles/beep_beep_rev.dir/home/fahim/pico/pico-sdk/src/rp2_common/hardware_timer/timer.c.obj
                0x0000000010001278                busy_wait_until
 .text.hardware_alarm_set_callback
                0x0000000010001298       0x8c CMakeFiles/beep_beep_rev.dir/home/fahim/pico/pico-sdk/src/rp2_common/hardware_timer/timer.c.obj
                0x0000000010001298                hardware_alarm_set_callback
 .text.hardware_alarm_set_target
                0x0000000010001324       0xd4 CMakeFiles/beep_beep_rev.dir/home/fahim/pico/pico-sdk/src/rp2_common/hardware_timer/timer.c.obj
                0x0000000010001324                hardware_alarm_set_target
 .text.hardware_alarm_cancel
                0x00000000100013f8       0x3c CMakeFiles/beep_beep_rev.dir/home/fahim/pico/pico-sdk/src/rp2_common/hardware_timer/timer.c.obj
                0x00000000100013f8                hardware_alarm_cancel
 .text.running_on_fpga
                0x0000000010001434       0x10 CMakeFiles/beep_beep_rev.dir/home/fahim/pico/pico-sdk/src/rp2_common/pico_platform/platform.c.obj
                0x0000000010001434                running_on_fpga
 .text.hw_claim_or_assert
                0x0000000010001444       0x44 CMakeFiles/beep_beep_rev.dir/home/fahim/pico/pico-sdk/src/rp2_common/hardware_claim/claim.c.obj
                0x0000000010001444                hw_claim_or_assert
 .text.spin_locks_reset
                0x0000000010001488       0x1c CMakeFiles/beep_beep_rev.dir/home/fahim/pico/pico-sdk/src/rp2_common/hardware_sync/sync.c.obj
                0x0000000010001488                spin_locks_reset
 .text.spin_lock_init
                0x00000000100014a4       0x18 CMakeFiles/beep_beep_rev.dir/home/fahim/pico/pico-sdk/src/rp2_common/hardware_sync/sync.c.obj
                0x00000000100014a4                spin_lock_init
 .text.next_striped_spin_lock_num
                0x00000000100014bc       0x18 CMakeFiles/beep_beep_rev.dir/home/fahim/pico/pico-sdk/src/rp2_common/hardware_sync/sync.c.obj
                0x00000000100014bc                next_striped_spin_lock_num
 .text.irq_set_enabled
                0x00000000100014d4       0x24 CMakeFiles/beep_beep_rev.dir/home/fahim/pico/pico-sdk/src/rp2_common/hardware_irq/irq.c.obj
                0x00000000100014d4                irq_set_enabled
 .text.irq_get_vtable_handler
                0x00000000100014f8       0x10 CMakeFiles/beep_beep_rev.dir/home/fahim/pico/pico-sdk/src/rp2_common/hardware_irq/irq.c.obj
                0x00000000100014f8                irq_get_vtable_handler
 .text.irq_set_exclusive_handler
                0x0000000010001508       0x54 CMakeFiles/beep_beep_rev.dir/home/fahim/pico/pico-sdk/src/rp2_common/hardware_irq/irq.c.obj
                0x0000000010001508                irq_set_exclusive_handler
 .text.irq_remove_handler
                0x000000001000155c      0x1b0 CMakeFiles/beep_beep_rev.dir/home/fahim/pico/pico-sdk/src/rp2_common/hardware_irq/irq.c.obj
                0x000000001000155c                irq_remove_handler
 .text.irq_add_tail_to_free_list
                0x000000001000170c       0xb4 CMakeFiles/beep_beep_rev.dir/home/fahim/pico/pico-sdk/src/rp2_common/hardware_irq/irq.c.obj
                0x000000001000170c                irq_add_tail_to_free_list
 .text.irq_init_priorities
                0x00000000100017c0       0x24 CMakeFiles/beep_beep_rev.dir/home/fahim/pico/pico-sdk/src/rp2_common/hardware_irq/irq.c.obj
                0x00000000100017c0                irq_init_priorities
 .text.ph_merge_nodes
                0x00000000100017e4       0x68 CMakeFiles/beep_beep_rev.dir/home/fahim/pico/pico-sdk/src/common/pico_util/pheap.c.obj
 .text.ph_post_alloc_init
                0x000000001000184c       0x3c CMakeFiles/beep_beep_rev.dir/home/fahim/pico/pico-sdk/src/common/pico_util/pheap.c.obj
                0x000000001000184c                ph_post_alloc_init
 .text.ph_merge_two_pass
                0x0000000010001888       0x90 CMakeFiles/beep_beep_rev.dir/home/fahim/pico/pico-sdk/src/common/pico_util/pheap.c.obj
                0x0000000010001888                ph_merge_two_pass
 .text.ph_remove_any_head
                0x0000000010001918      0x100 CMakeFiles/beep_beep_rev.dir/home/fahim/pico/pico-sdk/src/common/pico_util/pheap.c.obj
 .text.ph_remove_head
                0x0000000010001a18      0x104 CMakeFiles/beep_beep_rev.dir/home/fahim/pico/pico-sdk/src/common/pico_util/pheap.c.obj
                0x0000000010001a18                ph_remove_head
 .text.ph_remove_and_free_node
                0x0000000010001b1c       0x7c CMakeFiles/beep_beep_rev.dir/home/fahim/pico/pico-sdk/src/common/pico_util/pheap.c.obj
                0x0000000010001b1c                ph_remove_and_free_node
 .text.gpio_set_function
                0x0000000010001b98       0x30 CMakeFiles/beep_beep_rev.dir/home/fahim/pico/pico-sdk/src/rp2_common/hardware_gpio/gpio.c.obj
                0x0000000010001b98                gpio_set_function
 .text.gpio_init
                0x0000000010001bc8       0x3c CMakeFiles/beep_beep_rev.dir/home/fahim/pico/pico-sdk/src/rp2_common/hardware_gpio/gpio.c.obj
                0x0000000010001bc8                gpio_init
 .text.uart_init
                0x0000000010001c04      0x188 CMakeFiles/beep_beep_rev.dir/home/fahim/pico/pico-sdk/src/rp2_common/hardware_uart/uart.c.obj
                0x0000000010001c04                uart_init
 .text.clocks_init
                0x0000000010001d8c      0x2d0 CMakeFiles/beep_beep_rev.dir/home/fahim/pico/pico-sdk/src/rp2_common/hardware_clocks/clocks.c.obj
                0x0000000010001d8c                clocks_init
 .text.clock_get_hz
                0x000000001000205c        0xc CMakeFiles/beep_beep_rev.dir/home/fahim/pico/pico-sdk/src/rp2_common/hardware_clocks/clocks.c.obj
                0x000000001000205c                clock_get_hz
 .text.pll_init
                0x0000000010002068       0xa0 CMakeFiles/beep_beep_rev.dir/home/fahim/pico/pico-sdk/src/rp2_common/hardware_pll/pll.c.obj
                0x0000000010002068                pll_init
 .text.watchdog_start_tick
                0x0000000010002108       0x10 CMakeFiles/beep_beep_rev.dir/home/fahim/pico/pico-sdk/src/rp2_common/hardware_watchdog/watchdog.c.obj
                0x0000000010002108                watchdog_start_tick
 .text.xosc_init
                0x0000000010002118       0x28 CMakeFiles/beep_beep_rev.dir/home/fahim/pico/pico-sdk/src/rp2_common/hardware_xosc/xosc.c.obj
                0x0000000010002118                xosc_init
 .text.runtime_init
                0x0000000010002140       0xf0 CMakeFiles/beep_beep_rev.dir/home/fahim/pico/pico-sdk/src/rp2_common/pico_runtime/runtime.c.obj
                0x0000000010002140                runtime_init
 .text._exit    0x0000000010002230        0x4 CMakeFiles/beep_beep_rev.dir/home/fahim/pico/pico-sdk/src/rp2_common/pico_runtime/runtime.c.obj
                0x0000000010002230                _exit
 .text.exit     0x0000000010002234        0x8 CMakeFiles/beep_beep_rev.dir/home/fahim/pico/pico-sdk/src/rp2_common/pico_runtime/runtime.c.obj
                0x0000000010002234                exit
 .text.panic    0x000000001000223c       0x30 CMakeFiles/beep_beep_rev.dir/home/fahim/pico/pico-sdk/src/rp2_common/pico_runtime/runtime.c.obj
                0x000000001000223c                panic
 .text.hard_assertion_failure
                0x000000001000226c        0xc CMakeFiles/beep_beep_rev.dir/home/fahim/pico/pico-sdk/src/rp2_common/pico_runtime/runtime.c.obj
                0x000000001000226c                hard_assertion_failure
 .text._out_null
                0x0000000010002278        0x4 CMakeFiles/beep_beep_rev.dir/home/fahim/pico/pico-sdk/src/rp2_common/pico_printf/printf.c.obj
 .text._out_rev
                0x000000001000227c       0x9c CMakeFiles/beep_beep_rev.dir/home/fahim/pico/pico-sdk/src/rp2_common/pico_printf/printf.c.obj
 .text._ntoa_format
                0x0000000010002318      0x1cc CMakeFiles/beep_beep_rev.dir/home/fahim/pico/pico-sdk/src/rp2_common/pico_printf/printf.c.obj
 .text._out_char
                0x00000000100024e4       0x10 CMakeFiles/beep_beep_rev.dir/home/fahim/pico/pico-sdk/src/rp2_common/pico_printf/printf.c.obj
 .text._out_fct
                0x00000000100024f4       0x10 CMakeFiles/beep_beep_rev.dir/home/fahim/pico/pico-sdk/src/rp2_common/pico_printf/printf.c.obj
 .text._etoa    0x0000000010002504      0x44c CMakeFiles/beep_beep_rev.dir/home/fahim/pico/pico-sdk/src/rp2_common/pico_printf/printf.c.obj
 .text._ftoa    0x0000000010002950      0x398 CMakeFiles/beep_beep_rev.dir/home/fahim/pico/pico-sdk/src/rp2_common/pico_printf/printf.c.obj
 .text._vsnprintf
                0x0000000010002ce8      0xb04 CMakeFiles/beep_beep_rev.dir/home/fahim/pico/pico-sdk/src/rp2_common/pico_printf/printf.c.obj
 .text.vfctprintf
                0x00000000100037ec       0x20 CMakeFiles/beep_beep_rev.dir/home/fahim/pico/pico-sdk/src/rp2_common/pico_printf/printf.c.obj
                0x00000000100037ec                vfctprintf
 .text.weak_raw_vprintf
                0x000000001000380c       0x30 CMakeFiles/beep_beep_rev.dir/home/fahim/pico/pico-sdk/src/rp2_common/pico_printf/printf.c.obj
                0x000000001000380c                weak_raw_vprintf
 .text          0x000000001000383c       0x10 CMakeFiles/beep_beep_rev.dir/home/fahim/pico/pico-sdk/src/rp2_common/pico_bit_ops/bit_ops_aeabi.S.obj
 .text.rom_func_lookup
                0x000000001000384c       0x10 CMakeFiles/beep_beep_rev.dir/home/fahim/pico/pico-sdk/src/rp2_common/pico_bootrom/bootrom.c.obj
                0x000000001000384c                rom_func_lookup
 .text.rom_data_lookup
                0x000000001000385c       0x10 CMakeFiles/beep_beep_rev.dir/home/fahim/pico/pico-sdk/src/rp2_common/pico_bootrom/bootrom.c.obj
                0x000000001000385c                rom_data_lookup
 .text.rom_funcs_lookup
                0x000000001000386c       0x44 CMakeFiles/beep_beep_rev.dir/home/fahim/pico/pico-sdk/src/rp2_common/pico_bootrom/bootrom.c.obj
                0x000000001000386c                rom_funcs_lookup
 .text.__wrap___aeabi_idiv
                0x00000000100038b0       0x50 CMakeFiles/beep_beep_rev.dir/home/fahim/pico/pico-sdk/src/rp2_common/pico_divider/divider.S.obj
                0x00000000100038b0                __wrap___aeabi_idivmod
                0x00000000100038b0                divmod_s32s32
                0x00000000100038b0                div_s32s32
                0x00000000100038b0                __wrap___aeabi_idiv
                0x00000000100038b8                divmod_s32s32_unsafe
                0x00000000100038e4                divmod_s32s32_savestate
 .text.__wrap___aeabi_uidiv
                0x0000000010003900       0x4c CMakeFiles/beep_beep_rev.dir/home/fahim/pico/pico-sdk/src/rp2_common/pico_divider/divider.S.obj
                0x0000000010003900                __wrap___aeabi_uidiv
                0x0000000010003900                __wrap___aeabi_uidivmod
                0x0000000010003900                div_u32u32
                0x0000000010003900                divmod_u32u32
                0x0000000010003908                divmod_u32u32_unsafe
                0x0000000010003930                divmod_u32u32_savestate
 .text.__wrap___aeabi_ldiv
                0x000000001000394c      0x424 CMakeFiles/beep_beep_rev.dir/home/fahim/pico/pico-sdk/src/rp2_common/pico_divider/divider.S.obj
                0x000000001000394c                div_s64s64
                0x000000001000394c                divmod_s64s64
                0x000000001000394c                __wrap___aeabi_ldivmod
                0x000000001000397c                div_u64u64
                0x000000001000397c                divmod_u64u64
                0x000000001000397c                __wrap___aeabi_uldivmod
                0x000000001000398c                divmod_u64u64_savestate
                0x00000000100039ac                divmod_s64s64_unsafe
                0x0000000010003a34                divmod_u64u64_unsafe
 .text.push_r8_r11
                0x0000000010003d70        0xc CMakeFiles/beep_beep_rev.dir/home/fahim/pico/pico-sdk/src/rp2_common/pico_double/double_aeabi.S.obj
                0x0000000010003d70                push_r8_r11
 .text.pop_r8_r11
                0x0000000010003d7c        0xc CMakeFiles/beep_beep_rev.dir/home/fahim/pico/pico-sdk/src/rp2_common/pico_double/double_aeabi.S.obj
                0x0000000010003d7c                pop_r8_r11
 .text.__wrap___aeabi_darithmetic
                0x0000000010003d88       0x80 CMakeFiles/beep_beep_rev.dir/home/fahim/pico/pico-sdk/src/rp2_common/pico_double/double_aeabi.S.obj
                0x0000000010003d88                __wrap___aeabi_drsub
                0x0000000010003d8e                __wrap___aeabi_dsub
                0x0000000010003da0                __wrap___aeabi_dadd
                0x0000000010003db2                __wrap___aeabi_ddiv
                0x0000000010003dee                __wrap___aeabi_dmul
 .text.__wrap___aeabi_cdcmple
                0x0000000010003e08       0x6c CMakeFiles/beep_beep_rev.dir/home/fahim/pico/pico-sdk/src/rp2_common/pico_double/double_aeabi.S.obj
                0x0000000010003e08                __wrap___aeabi_cdrcmple
                0x0000000010003e18                __wrap___aeabi_cdcmple
                0x0000000010003e18                __wrap___aeabi_cdcmpeq
 .text.__wrap___aeabi_dcmplt
                0x0000000010003e74        0xc CMakeFiles/beep_beep_rev.dir/home/fahim/pico/pico-sdk/src/rp2_common/pico_double/double_aeabi.S.obj
                0x0000000010003e74                __wrap___aeabi_dcmplt
 .text.__wrap___aeabi_dcmple
                0x0000000010003e80       0x10 CMakeFiles/beep_beep_rev.dir/home/fahim/pico/pico-sdk/src/rp2_common/pico_double/double_aeabi.S.obj
                0x0000000010003e80                __wrap___aeabi_dcmple
 .text.__wrap___aeabi_dcmpge
                0x0000000010003e90       0x10 CMakeFiles/beep_beep_rev.dir/home/fahim/pico/pico-sdk/src/rp2_common/pico_double/double_aeabi.S.obj
                0x0000000010003e90                __wrap___aeabi_dcmpge
 .text.__wrap___aeabi_dcmpgt
                0x0000000010003ea0        0xa CMakeFiles/beep_beep_rev.dir/home/fahim/pico/pico-sdk/src/rp2_common/pico_double/double_aeabi.S.obj
                0x0000000010003ea0                __wrap___aeabi_dcmpgt
 .text.__wrap___aeabi_dcmpun
                0x0000000010003eaa       0x1c CMakeFiles/beep_beep_rev.dir/home/fahim/pico/pico-sdk/src/rp2_common/pico_double/double_aeabi.S.obj
                0x0000000010003eaa                __wrap___aeabi_dcmpun
 *fill*         0x0000000010003ec6        0x2 
 .text.__wrap___aeabi_i2d
                0x0000000010003ec8       0x38 CMakeFiles/beep_beep_rev.dir/home/fahim/pico/pico-sdk/src/rp2_common/pico_double/double_aeabi.S.obj
                0x0000000010003ec8                __wrap___aeabi_ui2d
                0x0000000010003ed0                __wrap___aeabi_i2d
 .text.__wrap___aeabi_d2iz
                0x0000000010003f00       0x48 CMakeFiles/beep_beep_rev.dir/home/fahim/pico/pico-sdk/src/rp2_common/pico_double/double_aeabi.S.obj
                0x0000000010003f00                __wrap___aeabi_d2iz
                0x0000000010003f00                double2int_z
 .text.__wrap___aeabi_d2uiz
                0x0000000010003f48       0x18 CMakeFiles/beep_beep_rev.dir/home/fahim/pico/pico-sdk/src/rp2_common/pico_double/double_aeabi.S.obj
                0x0000000010003f48                double2uint
                0x0000000010003f48                __wrap___aeabi_d2uiz
 .text.fix642double
                0x0000000010003f60       0x18 CMakeFiles/beep_beep_rev.dir/home/fahim/pico/pico-sdk/src/rp2_common/pico_double/double_aeabi.S.obj
                0x0000000010003f60                fix642double
 .text.__wrap_sincostan_remainder
                0x0000000010003f78       0x14 CMakeFiles/beep_beep_rev.dir/home/fahim/pico/pico-sdk/src/rp2_common/pico_double/double_aeabi.S.obj
                0x0000000010003f78                sincostan_remainder
 .text.__wrap_sin
                0x0000000010003f8c       0x2c CMakeFiles/beep_beep_rev.dir/home/fahim/pico/pico-sdk/src/rp2_common/pico_double/double_aeabi.S.obj
                0x0000000010003f8c                __wrap_sin
 .text.__aeabi_double_init
                0x0000000010003fb8       0x94 CMakeFiles/beep_beep_rev.dir/home/fahim/pico/pico-sdk/src/rp2_common/pico_double/double_init_rom.c.obj
                0x0000000010003fb8                __aeabi_double_init
 .text.__wrap_remquo
                0x000000001000404c      0x2a0 CMakeFiles/beep_beep_rev.dir/home/fahim/pico/pico-sdk/src/rp2_common/pico_double/double_math.c.obj
                0x000000001000404c                __wrap_remquo
 .text.__wrap_remainder
                0x00000000100042ec       0x10 CMakeFiles/beep_beep_rev.dir/home/fahim/pico/pico-sdk/src/rp2_common/pico_double/double_math.c.obj
                0x00000000100042ec                __wrap_remainder
 .text.double_table_shim_on_use_helper
                0x00000000100042fc       0x2c CMakeFiles/beep_beep_rev.dir/home/fahim/pico/pico-sdk/src/rp2_common/pico_double/double_v1_rom_shim.S.obj
                0x00000000100042fc                double_table_shim_on_use_helper
 .text.__wrap___aeabi_dsub
                0x0000000010004328       0x10 CMakeFiles/beep_beep_rev.dir/home/fahim/pico/pico-sdk/src/rp2_common/pico_double/double_v1_rom_shim.S.obj
                0x0000000010004328                drsub_shim
                0x000000001000432e                dsub_shim
 .text.dadd_shim
                0x0000000010004338      0x15c CMakeFiles/beep_beep_rev.dir/home/fahim/pico/pico-sdk/src/rp2_common/pico_double/double_v1_rom_shim.S.obj
                0x0000000010004338                dadd_shim
 .text.dmul_shim
                0x0000000010004494      0x15c CMakeFiles/beep_beep_rev.dir/home/fahim/pico/pico-sdk/src/rp2_common/pico_double/double_v1_rom_shim.S.obj
                0x0000000010004494                dmul_shim
 .text.ddiv_shim
                0x00000000100045f0      0x1b0 CMakeFiles/beep_beep_rev.dir/home/fahim/pico/pico-sdk/src/rp2_common/pico_double/double_v1_rom_shim.S.obj
                0x00000000100045f0                ddiv_shim
 .text.dcordic_vec_step
                0x00000000100047a0        0xe CMakeFiles/beep_beep_rev.dir/home/fahim/pico/pico-sdk/src/rp2_common/pico_double/double_v1_rom_shim.S.obj
                0x00000000100047a0                dcordic_vec_step
 .text.dcordic_rot_step
                0x00000000100047ae       0x76 CMakeFiles/beep_beep_rev.dir/home/fahim/pico/pico-sdk/src/rp2_common/pico_double/double_v1_rom_shim.S.obj
                0x00000000100047ae                dcordic_rot_step
 .text.double2uint_shim
                0x0000000010004824        0xe CMakeFiles/beep_beep_rev.dir/home/fahim/pico/pico-sdk/src/rp2_common/pico_double/double_v1_rom_shim.S.obj
                0x0000000010004824                double2uint_shim
                0x0000000010004826                double2ufix_shim
 .text.double2int64_shim
                0x0000000010004832       0x1a CMakeFiles/beep_beep_rev.dir/home/fahim/pico/pico-sdk/src/rp2_common/pico_double/double_v1_rom_shim.S.obj
                0x0000000010004832                double2int64_shim
                0x0000000010004834                double2fix64_shim
 .text.double2uint64_shim
                0x000000001000484c       0x70 CMakeFiles/beep_beep_rev.dir/home/fahim/pico/pico-sdk/src/rp2_common/pico_double/double_v1_rom_shim.S.obj
                0x000000001000484c                double2uint64_shim
                0x000000001000484e                double2ufix64_shim
                0x000000001000486e                d2fix_a
 .text.x2double_shims
                0x00000000100048bc       0x90 CMakeFiles/beep_beep_rev.dir/home/fahim/pico/pico-sdk/src/rp2_common/pico_double/double_v1_rom_shim.S.obj
                0x00000000100048bc                uint2double_shim
                0x00000000100048be                ufix2double_shim
                0x00000000100048c4                int2double_shim
                0x00000000100048c6                fix2double_shim
                0x00000000100048cc                uint642double_shim
                0x00000000100048ce                ufix642double_shim
                0x00000000100048d4                int642double_shim
                0x00000000100048d6                fix642double_shim
 .text.dunpacks
                0x000000001000494c       0x3c CMakeFiles/beep_beep_rev.dir/home/fahim/pico/pico-sdk/src/rp2_common/pico_double/double_v1_rom_shim.S.obj
                0x000000001000494c                dunpacks
 .text.dreduce  0x0000000010004988       0x82 CMakeFiles/beep_beep_rev.dir/home/fahim/pico/pico-sdk/src/rp2_common/pico_double/double_v1_rom_shim.S.obj
                0x0000000010004988                dreduce
 .text.dsin_shim
                0x0000000010004a0a       0x14 CMakeFiles/beep_beep_rev.dir/home/fahim/pico/pico-sdk/src/rp2_common/pico_double/double_v1_rom_shim.S.obj
                0x0000000010004a0a                dsin_shim
 *fill*         0x0000000010004a1e        0x2 
 .text.dtrig_guts
                0x0000000010004a20      0x2ec CMakeFiles/beep_beep_rev.dir/home/fahim/pico/pico-sdk/src/rp2_common/pico_double/double_v1_rom_shim.S.obj
                0x0000000010004af8                datan2_shim
 .text.__aeabi_lmul
                0x0000000010004d0c       0x32 CMakeFiles/beep_beep_rev.dir/home/fahim/pico/pico-sdk/src/rp2_common/pico_int64_ops/pico_int64_ops_aeabi.S.obj
                0x0000000010004d0c                __wrap___aeabi_lmul
 *fill*         0x0000000010004d3e        0x2 
 .text.__wrap___aeabi_i2f
                0x0000000010004d40       0x44 CMakeFiles/beep_beep_rev.dir/home/fahim/pico/pico-sdk/src/rp2_common/pico_float/float_aeabi.S.obj
                0x0000000010004d40                __wrap___aeabi_i2f
 .text.__wrap___aeabi_f2d
                0x0000000010004d84       0x14 CMakeFiles/beep_beep_rev.dir/home/fahim/pico/pico-sdk/src/rp2_common/pico_float/float_aeabi.S.obj
                0x0000000010004d84                __wrap___aeabi_f2d
 .text.__aeabi_float_init
                0x0000000010004d98       0x64 CMakeFiles/beep_beep_rev.dir/home/fahim/pico/pico-sdk/src/rp2_common/pico_float/float_init_rom.c.obj
                0x0000000010004d98                __aeabi_float_init
 .text.float_table_shim_on_use_helper
                0x0000000010004dfc       0x2c CMakeFiles/beep_beep_rev.dir/home/fahim/pico/pico-sdk/src/rp2_common/pico_float/float_v1_rom_shim.S.obj
                0x0000000010004dfc                float_table_shim_on_use_helper
 .text.float2double_shim
                0x0000000010004e28       0x30 CMakeFiles/beep_beep_rev.dir/home/fahim/pico/pico-sdk/src/rp2_common/pico_float/float_v1_rom_shim.S.obj
                0x0000000010004e28                float2double_shim
 .text          0x0000000010004e58       0x10 CMakeFiles/beep_beep_rev.dir/home/fahim/pico/pico-sdk/src/rp2_common/pico_mem_ops/mem_ops_aeabi.S.obj
                0x0000000010004e58                __aeabi_mem_init
 .text.memcpy   0x0000000010004e68        0xc CMakeFiles/beep_beep_rev.dir/home/fahim/pico/pico-sdk/src/rp2_common/pico_mem_ops/mem_ops_aeabi.S.obj
                0x0000000010004e68                __wrap___aeabi_memcpy
                0x0000000010004e68                __wrap_memcpy
 .text.stdio_out_chars_no_crlf
                0x0000000010004e74       0x10 CMakeFiles/beep_beep_rev.dir/home/fahim/pico/pico-sdk/src/rp2_common/pico_stdio/stdio.c.obj
 .text.stdio_out_chars_crlf
                0x0000000010004e84       0xb4 CMakeFiles/beep_beep_rev.dir/home/fahim/pico/pico-sdk/src/rp2_common/pico_stdio/stdio.c.obj
 .text.stdio_buffered_printer
                0x0000000010004f38       0x64 CMakeFiles/beep_beep_rev.dir/home/fahim/pico/pico-sdk/src/rp2_common/pico_stdio/stdio.c.obj
 .text.stdio_put_string.isra.0
                0x0000000010004f9c       0xfc CMakeFiles/beep_beep_rev.dir/home/fahim/pico/pico-sdk/src/rp2_common/pico_stdio/stdio.c.obj
 .text.__wrap_putchar
                0x0000000010005098       0x98 CMakeFiles/beep_beep_rev.dir/home/fahim/pico/pico-sdk/src/rp2_common/pico_stdio/stdio.c.obj
                0x0000000010005098                __wrap_putchar
 .text.__wrap_puts
                0x0000000010005130       0x3c CMakeFiles/beep_beep_rev.dir/home/fahim/pico/pico-sdk/src/rp2_common/pico_stdio/stdio.c.obj
                0x0000000010005130                __wrap_puts
 .text.stdio_set_driver_enabled
                0x000000001000516c       0x30 CMakeFiles/beep_beep_rev.dir/home/fahim/pico/pico-sdk/src/rp2_common/pico_stdio/stdio.c.obj
                0x000000001000516c                stdio_set_driver_enabled
 .text.__wrap_vprintf
                0x000000001000519c       0xd8 CMakeFiles/beep_beep_rev.dir/home/fahim/pico/pico-sdk/src/rp2_common/pico_stdio/stdio.c.obj
                0x000000001000519c                __wrap_vprintf
 .text.__wrap_printf
                0x0000000010005274       0x18 CMakeFiles/beep_beep_rev.dir/home/fahim/pico/pico-sdk/src/rp2_common/pico_stdio/stdio.c.obj
                0x0000000010005274                __wrap_printf
 .text.stdio_init_all
                0x000000001000528c        0xc CMakeFiles/beep_beep_rev.dir/home/fahim/pico/pico-sdk/src/rp2_common/pico_stdio/stdio.c.obj
                0x000000001000528c                stdio_init_all
 .text.stdio_uart_out_chars
                0x0000000010005298       0x4c CMakeFiles/beep_beep_rev.dir/home/fahim/pico/pico-sdk/src/rp2_common/pico_stdio_uart/stdio_uart.c.obj
 .text.stdio_uart_in_chars
                0x00000000100052e4       0x84 CMakeFiles/beep_beep_rev.dir/home/fahim/pico/pico-sdk/src/rp2_common/pico_stdio_uart/stdio_uart.c.obj
                0x00000000100052e4                stdio_uart_in_chars
 .text.on_uart_rx
                0x0000000010005368       0x28 CMakeFiles/beep_beep_rev.dir/home/fahim/pico/pico-sdk/src/rp2_common/pico_stdio_uart/stdio_uart.c.obj
 .text.stdio_uart_set_chars_available_callback
                0x0000000010005390       0x8c CMakeFiles/beep_beep_rev.dir/home/fahim/pico/pico-sdk/src/rp2_common/pico_stdio_uart/stdio_uart.c.obj
 .text.stdio_uart_init
                0x000000001000541c       0x48 CMakeFiles/beep_beep_rev.dir/home/fahim/pico/pico-sdk/src/rp2_common/pico_stdio_uart/stdio_uart.c.obj
                0x000000001000541c                stdio_uart_init
 .text.spi_init
                0x0000000010005464      0x138 CMakeFiles/beep_beep_rev.dir/home/fahim/pico/pico-sdk/src/rp2_common/hardware_spi/spi.c.obj
                0x0000000010005464                spi_init
 .text.startup.boot_double_tap_check
                0x000000001000559c       0x60 CMakeFiles/beep_beep_rev.dir/home/fahim/pico/pico-sdk/src/rp2_common/pico_bootsel_via_double_reset/pico_bootsel_via_double_reset.c.obj
 .text          0x00000000100055fc       0x5c /usr/lib/gcc/arm-none-eabi/10.3.1/../../../arm-none-eabi/lib/thumb/v6-m/nofp/libc.a(lib_a-strlen-stub.o)
                0x00000000100055fc                strlen
 *(.fini)
 .fini          0x0000000010005658        0x4 /usr/lib/gcc/arm-none-eabi/10.3.1/thumb/v6-m/nofp/crti.o
                0x0000000010005658                _fini
 *fill*         0x000000001000565c        0x4 
 .fini.__stub   0x0000000010005660       0x50 linker stubs
 *crtbegin.o(.ctors)
 *crtbegin?.o(.ctors)
 *(EXCLUDE_FILE(*crtend.o *crtend?.o) .ctors)
 *(SORT_BY_NAME(.ctors.*))
 *(.ctors)
 *crtbegin.o(.dtors)
 *crtbegin?.o(.dtors)
 *(EXCLUDE_FILE(*crtend.o *crtend?.o) .dtors)
 *(SORT_BY_NAME(.dtors.*))
 *(.dtors)
 *(.eh_frame*)
 .eh_frame      0x00000000100056b0        0x0 /usr/lib/gcc/arm-none-eabi/10.3.1/thumb/v6-m/nofp/crtbegin.o
                0x00000000100056b0                . = ALIGN (0x4)

.glue_7         0x00000000100056b0        0x0
 .glue_7        0x00000000100056b0        0x0 linker stubs

.glue_7t        0x00000000100056b0        0x0
 .glue_7t       0x00000000100056b0        0x0 linker stubs

.vfp11_veneer   0x00000000100056b0        0x0
 .vfp11_veneer  0x00000000100056b0        0x0 linker stubs

.v4_bx          0x00000000100056b0        0x0
 .v4_bx         0x00000000100056b0        0x0 linker stubs

.iplt           0x00000000100056b0        0x0
 .iplt          0x00000000100056b0        0x0 /usr/lib/gcc/arm-none-eabi/10.3.1/thumb/v6-m/nofp/crtbegin.o

.rodata         0x00000000100056b0      0x390
 *(EXCLUDE_FILE(*libm.a: *libc.a:*lib_a-mem*.o *libgcc.a:) .rodata*)
 .rodata.protothread_core_1.str1.4
                0x00000000100056b0       0x1a CMakeFiles/beep_beep_rev.dir/beep_beep_rev.c.obj
                                         0x1e (size before relaxing)
 *fill*         0x00000000100056ca        0x2 
 .rodata.protothread_core_0.str1.4
                0x00000000100056cc       0x1a CMakeFiles/beep_beep_rev.dir/beep_beep_rev.c.obj
 *fill*         0x00000000100056e6        0x2 
 .rodata.hardware_alarm_claim.str1.4
                0x00000000100056e8       0x22 CMakeFiles/beep_beep_rev.dir/home/fahim/pico/pico-sdk/src/rp2_common/hardware_timer/timer.c.obj
 *fill*         0x000000001000570a        0x2 
 .rodata.panic.str1.4
                0x000000001000570c       0x10 CMakeFiles/beep_beep_rev.dir/home/fahim/pico/pico-sdk/src/rp2_common/pico_runtime/runtime.c.obj
                                         0x12 (size before relaxing)
 .rodata.hard_assertion_failure.str1.4
                0x000000001000571c        0xc CMakeFiles/beep_beep_rev.dir/home/fahim/pico/pico-sdk/src/rp2_common/pico_runtime/runtime.c.obj
 .rodata._ftoa.str1.4
                0x0000000010005728       0x15 CMakeFiles/beep_beep_rev.dir/home/fahim/pico/pico-sdk/src/rp2_common/pico_printf/printf.c.obj
 *fill*         0x000000001000573d        0x3 
 .rodata._vsnprintf
                0x0000000010005740      0x1e0 CMakeFiles/beep_beep_rev.dir/home/fahim/pico/pico-sdk/src/rp2_common/pico_printf/printf.c.obj
 .rodata.pow10.0
                0x0000000010005920       0x50 CMakeFiles/beep_beep_rev.dir/home/fahim/pico/pico-sdk/src/rp2_common/pico_printf/printf.c.obj
 .rodata.str1.4
                0x0000000010005970       0x44 CMakeFiles/beep_beep_rev.dir/home/fahim/pico/pico-sdk/src/rp2_common/pico_standard_link/binary_info.c.obj
 .rodata.__bi_44
                0x00000000100059b4        0xc CMakeFiles/beep_beep_rev.dir/home/fahim/pico/pico-sdk/src/rp2_common/pico_standard_link/binary_info.c.obj
 .rodata.__bi_75
                0x00000000100059c0        0xc CMakeFiles/beep_beep_rev.dir/home/fahim/pico/pico-sdk/src/rp2_common/pico_standard_link/binary_info.c.obj
 .rodata.__bi_81
                0x00000000100059cc        0xc CMakeFiles/beep_beep_rev.dir/home/fahim/pico/pico-sdk/src/rp2_common/pico_standard_link/binary_info.c.obj
 .rodata.crlf_str.0
                0x00000000100059d8        0x2 CMakeFiles/beep_beep_rev.dir/home/fahim/pico/pico-sdk/src/rp2_common/pico_stdio/stdio.c.obj
 *fill*         0x00000000100059da        0x2 
 .rodata.str1.4
                0x00000000100059dc       0x2c CMakeFiles/beep_beep_rev.dir/home/fahim/pico/pico-sdk/src/rp2_common/pico_stdio_uart/stdio_uart.c.obj
 .rodata.__bi_33.4
                0x0000000010005a08        0xc CMakeFiles/beep_beep_rev.dir/home/fahim/pico/pico-sdk/src/rp2_common/pico_stdio_uart/stdio_uart.c.obj
 .rodata.__bi_34.5
                0x0000000010005a14        0x8 CMakeFiles/beep_beep_rev.dir/home/fahim/pico/pico-sdk/src/rp2_common/pico_stdio_uart/stdio_uart.c.obj
 .rodata.str1.4
                0x0000000010005a1c       0x18 CMakeFiles/beep_beep_rev.dir/home/fahim/pico/pico-sdk/src/rp2_common/pico_bootsel_via_double_reset/pico_bootsel_via_double_reset.c.obj
 .rodata.__bi_35
                0x0000000010005a34        0xc CMakeFiles/beep_beep_rev.dir/home/fahim/pico/pico-sdk/src/rp2_common/pico_bootsel_via_double_reset/pico_bootsel_via_double_reset.c.obj
                0x0000000010005a40                . = ALIGN (0x4)
 *(SORT_BY_ALIGNMENT(SORT_BY_NAME(.flashdata*)))
                0x0000000010005a40                . = ALIGN (0x4)

.ARM.extab
 *(.ARM.extab* .gnu.linkonce.armextab.*)
                0x0000000010005a40                __exidx_start = .

.ARM.exidx
 *(.ARM.exidx* .gnu.linkonce.armexidx.*)
                0x0000000010005a40                __exidx_end = .
                0x0000000010005a40                . = ALIGN (0x4)
                0x0000000010005a40                __binary_info_start = .

.binary_info    0x0000000010005a40       0x28
 *(.binary_info.keep.*)
 .binary_info.keep.__bi_ptr22
                0x0000000010005a40        0x4 CMakeFiles/beep_beep_rev.dir/home/fahim/pico/pico-sdk/src/rp2_common/pico_standard_link/binary_info.c.obj
 .binary_info.keep.__bi_ptr30
                0x0000000010005a44        0x4 CMakeFiles/beep_beep_rev.dir/home/fahim/pico/pico-sdk/src/rp2_common/pico_standard_link/binary_info.c.obj
 .binary_info.keep.__bi_ptr38
                0x0000000010005a48        0x4 CMakeFiles/beep_beep_rev.dir/home/fahim/pico/pico-sdk/src/rp2_common/pico_standard_link/binary_info.c.obj
 .binary_info.keep.__bi_ptr44
                0x0000000010005a4c        0x4 CMakeFiles/beep_beep_rev.dir/home/fahim/pico/pico-sdk/src/rp2_common/pico_standard_link/binary_info.c.obj
 .binary_info.keep.__bi_ptr50
                0x0000000010005a50        0x4 CMakeFiles/beep_beep_rev.dir/home/fahim/pico/pico-sdk/src/rp2_common/pico_standard_link/binary_info.c.obj
 .binary_info.keep.__bi_ptr75
                0x0000000010005a54        0x4 CMakeFiles/beep_beep_rev.dir/home/fahim/pico/pico-sdk/src/rp2_common/pico_standard_link/binary_info.c.obj
 .binary_info.keep.__bi_ptr81
                0x0000000010005a58        0x4 CMakeFiles/beep_beep_rev.dir/home/fahim/pico/pico-sdk/src/rp2_common/pico_standard_link/binary_info.c.obj
 .binary_info.keep.__bi_ptr35
                0x0000000010005a5c        0x4 CMakeFiles/beep_beep_rev.dir/home/fahim/pico/pico-sdk/src/rp2_common/pico_bootsel_via_double_reset/pico_bootsel_via_double_reset.c.obj
 *(.binary_info.*)
 .binary_info.__bi_ptr33
                0x0000000010005a60        0x4 CMakeFiles/beep_beep_rev.dir/home/fahim/pico/pico-sdk/src/rp2_common/pico_stdio_uart/stdio_uart.c.obj
 .binary_info.__bi_ptr34
                0x0000000010005a64        0x4 CMakeFiles/beep_beep_rev.dir/home/fahim/pico/pico-sdk/src/rp2_common/pico_stdio_uart/stdio_uart.c.obj
                0x0000000010005a68                __binary_info_end = .

.rel.dyn        0x0000000010005a68        0x0
 .rel.iplt      0x0000000010005a68        0x0 /usr/lib/gcc/arm-none-eabi/10.3.1/thumb/v6-m/nofp/crtbegin.o
                0x0000000010005a68                . = ALIGN (0x4)

.ram_vector_table
                0x0000000020000000       0xc0
 *(.ram_vector_table)
 .ram_vector_table
                0x0000000020000000       0xc0 CMakeFiles/beep_beep_rev.dir/home/fahim/pico/pico-sdk/src/rp2_common/pico_runtime/runtime.c.obj
                0x0000000020000000                ram_vector_table

.data           0x00000000200000c0      0x210 load address 0x0000000010005a68
                0x00000000200000c0                __data_start__ = .
 *(vtable)
 *(.time_critical*)
 .time_critical.mutex_try_enter_block_until
                0x00000000200000c0       0x9c CMakeFiles/beep_beep_rev.dir/home/fahim/pico/pico-sdk/src/common/pico_sync/mutex.c.obj
                0x00000000200000c0                mutex_try_enter_block_until
 .time_critical.mutex_exit
                0x000000002000015c       0x28 CMakeFiles/beep_beep_rev.dir/home/fahim/pico/pico-sdk/src/common/pico_sync/mutex.c.obj
                0x000000002000015c                mutex_exit
 .time_critical.spi_write16_blocking
                0x0000000020000184       0x50 CMakeFiles/beep_beep_rev.dir/home/fahim/pico/pico-sdk/src/rp2_common/hardware_spi/spi.c.obj
                0x0000000020000184                spi_write16_blocking
 *(.text*)
 .text          0x00000000200001d4        0x4 /usr/lib/gcc/arm-none-eabi/10.3.1/thumb/v6-m/nofp/libgcc.a(_dvmd_tls.o)
                0x00000000200001d4                __aeabi_ldiv0
                0x00000000200001d4                __aeabi_idiv0
 .text.__stub   0x00000000200001d8       0x10 linker stubs
                0x00000000200001e8                . = ALIGN (0x4)
 *(.rodata*)
                0x00000000200001e8                . = ALIGN (0x4)
 *(.data*)
 .data.max_amplitude
                0x00000000200001e8        0x4 CMakeFiles/beep_beep_rev.dir/beep_beep_rev.c.obj
                0x00000000200001e8                max_amplitude
 .data.phase_incr_main_0
                0x00000000200001ec        0x4 CMakeFiles/beep_beep_rev.dir/beep_beep_rev.c.obj
                0x00000000200001ec                phase_incr_main_0
 .data.default_alarm_pool
                0x00000000200001f0       0x18 CMakeFiles/beep_beep_rev.dir/home/fahim/pico/pico-sdk/src/common/pico_time/time.c.obj
 .data.default_alarm_pool_heap
                0x0000000020000208       0x10 CMakeFiles/beep_beep_rev.dir/home/fahim/pico/pico-sdk/src/common/pico_time/time.c.obj
 .data.striped_spin_lock_num
                0x0000000020000218        0x1 CMakeFiles/beep_beep_rev.dir/home/fahim/pico/pico-sdk/src/rp2_common/hardware_sync/sync.c.obj
 *fill*         0x0000000020000219        0x3 
 .data          0x000000002000021c       0x48 CMakeFiles/beep_beep_rev.dir/home/fahim/pico/pico-sdk/src/rp2_common/hardware_irq/irq_handler_chain.S.obj
                0x000000002000021c                irq_handler_chain_slots
                0x000000002000024c                irq_handler_chain_first_slot
                0x0000000020000256                irq_handler_chain_remove_tail
 *fill*         0x0000000020000264        0xc 
 .data.aeabi_bits_funcs
                0x0000000020000270       0x10 CMakeFiles/beep_beep_rev.dir/home/fahim/pico/pico-sdk/src/rp2_common/pico_bit_ops/bit_ops_aeabi.S.obj
                0x0000000020000270                aeabi_bits_funcs
                0x0000000020000280                aeabi_bits_funcs_end
 .data.aeabi_mem_funcs
                0x0000000020000280       0x10 CMakeFiles/beep_beep_rev.dir/home/fahim/pico/pico-sdk/src/rp2_common/pico_mem_ops/mem_ops_aeabi.S.obj
                0x0000000020000280                aeabi_mem_funcs
                0x0000000020000290                aeabi_mem_funcs_end
 .data.stdio_uart
                0x0000000020000290       0x18 CMakeFiles/beep_beep_rev.dir/home/fahim/pico/pico-sdk/src/rp2_common/pico_stdio_uart/stdio_uart.c.obj
                0x0000000020000290                stdio_uart
                0x00000000200002a8                . = ALIGN (0x4)
 *(.after_data.*)
                0x00000000200002a8                . = ALIGN (0x4)
                0x00000000200002a8                PROVIDE (__mutex_array_start = .)
 *(SORT_BY_NAME(.mutex_array.*))
 *(.mutex_array)
 .mutex_array   0x00000000200002a8        0x8 CMakeFiles/beep_beep_rev.dir/home/fahim/pico/pico-sdk/src/rp2_common/pico_malloc/pico_malloc.c.obj
 .mutex_array   0x00000000200002b0        0x8 CMakeFiles/beep_beep_rev.dir/home/fahim/pico/pico-sdk/src/rp2_common/pico_stdio/stdio.c.obj
                0x00000000200002b8                PROVIDE (__mutex_array_end = .)
                0x00000000200002b8                . = ALIGN (0x4)
                0x00000000200002b8                PROVIDE (__preinit_array_start = .)
 *(SORT_BY_NAME(.preinit_array.*))
 .preinit_array.00001
                0x00000000200002b8        0x4 CMakeFiles/beep_beep_rev.dir/home/fahim/pico/pico-sdk/src/rp2_common/pico_mem_ops/mem_ops_aeabi.S.obj
 .preinit_array.00010
                0x00000000200002bc        0x4 CMakeFiles/beep_beep_rev.dir/home/fahim/pico/pico-sdk/src/rp2_common/pico_bit_ops/bit_ops_aeabi.S.obj
 .preinit_array.00020
                0x00000000200002c0        0x4 CMakeFiles/beep_beep_rev.dir/home/fahim/pico/pico-sdk/src/rp2_common/pico_double/double_aeabi.S.obj
 .preinit_array.00020
                0x00000000200002c4        0x4 CMakeFiles/beep_beep_rev.dir/home/fahim/pico/pico-sdk/src/rp2_common/pico_float/float_aeabi.S.obj
 *(.preinit_array)
                0x00000000200002c8                PROVIDE (__preinit_array_end = .)
                0x00000000200002c8                . = ALIGN (0x4)
                0x00000000200002c8                PROVIDE (__init_array_start = .)
 *(SORT_BY_NAME(.init_array.*))
 *(.init_array)
 .init_array    0x00000000200002c8        0x4 /usr/lib/gcc/arm-none-eabi/10.3.1/thumb/v6-m/nofp/crtbegin.o
 .init_array    0x00000000200002cc        0x4 CMakeFiles/beep_beep_rev.dir/home/fahim/pico/pico-sdk/src/rp2_common/pico_bootsel_via_double_reset/pico_bootsel_via_double_reset.c.obj
                0x00000000200002d0                PROVIDE (__init_array_end = .)
                0x00000000200002d0                . = ALIGN (0x4)
                0x00000000200002d0                PROVIDE (__fini_array_start = .)
 *(SORT_BY_NAME(.fini_array.*))
 *(.fini_array)
                0x00000000200002d0                PROVIDE (__fini_array_end = .)
 *(.jcr)
                0x00000000200002d0                . = ALIGN (0x4)
                0x00000000200002d0                __data_end__ = .
                0x0000000010005a68                __etext = LOADADDR (.data)

.tm_clone_table
                0x00000000200002d0        0x0 load address 0x0000000010005c78
 .tm_clone_table
                0x00000000200002d0        0x0 /usr/lib/gcc/arm-none-eabi/10.3.1/thumb/v6-m/nofp/crtbegin.o
 .tm_clone_table
                0x00000000200002d0        0x0 /usr/lib/gcc/arm-none-eabi/10.3.1/thumb/v6-m/nofp/crtend.o

.igot.plt       0x00000000200002d0        0x0 load address 0x0000000010005c78
 .igot.plt      0x00000000200002d0        0x0 /usr/lib/gcc/arm-none-eabi/10.3.1/thumb/v6-m/nofp/crtbegin.o

.uninitialized_data
                0x00000000200002d0        0xc load address 0x0000000010005c78
                0x00000000200002d0                . = ALIGN (0x4)
 *(.uninitialized_data*)
 .uninitialized_data.magic_location
                0x00000000200002d0        0xc CMakeFiles/beep_beep_rev.dir/home/fahim/pico/pico-sdk/src/rp2_common/pico_bootsel_via_double_reset/pico_bootsel_via_double_reset.c.obj

.scratch_x      0x0000000020040000        0x0 load address 0x0000000010005c78
                0x0000000020040000                __scratch_x_start__ = .
 *(.scratch_x.*)
                0x0000000020040000                . = ALIGN (0x4)
                0x0000000020040000                __scratch_x_end__ = .
                0x0000000010005c78                __scratch_x_source__ = LOADADDR (.scratch_x)

.scratch_y      0x0000000020041000        0x0 load address 0x0000000010005c78
                0x0000000020041000                __scratch_y_start__ = .
 *(.scratch_y.*)
                0x0000000020041000                . = ALIGN (0x4)
                0x0000000020041000                __scratch_y_end__ = .
                0x0000000010005c78                __scratch_y_source__ = LOADADDR (.scratch_y)

.bss            0x00000000200002e0      0x91c
                0x00000000200002e0                . = ALIGN (0x4)
                0x00000000200002e0                __bss_start__ = .
 *(SORT_BY_ALIGNMENT(SORT_BY_NAME(.bss*)))
 .bss.default_alarm_pool_entries
                0x00000000200002e0      0x100 CMakeFiles/beep_beep_rev.dir/home/fahim/pico/pico-sdk/src/common/pico_time/time.c.obj
 .bss.sd_table  0x00000000200003e0      0x100 CMakeFiles/beep_beep_rev.dir/home/fahim/pico/pico-sdk/src/rp2_common/pico_double/double_init_rom.c.obj
                0x00000000200003e0                sd_table
 .bss.sf_table  0x00000000200004e0      0x100 CMakeFiles/beep_beep_rev.dir/home/fahim/pico/pico-sdk/src/rp2_common/pico_float/float_init_rom.c.obj
                0x00000000200004e0                sf_table
 .bss           0x00000000200005e0       0x1c /usr/lib/gcc/arm-none-eabi/10.3.1/thumb/v6-m/nofp/crtbegin.o
 .bss.DAC_output_0
                0x00000000200005fc        0x4 CMakeFiles/beep_beep_rev.dir/beep_beep_rev.c.obj
                0x00000000200005fc                DAC_output_0
 .bss.STATE_0   0x0000000020000600        0x4 CMakeFiles/beep_beep_rev.dir/beep_beep_rev.c.obj
                0x0000000020000600                STATE_0
 .bss.alarm_callbacks
                0x0000000020000604       0x10 CMakeFiles/beep_beep_rev.dir/home/fahim/pico/pico-sdk/src/rp2_common/hardware_timer/timer.c.obj
 .bss.attack_inc
                0x0000000020000614        0x4 CMakeFiles/beep_beep_rev.dir/beep_beep_rev.c.obj
                0x0000000020000614                attack_inc
 .bss.chars_available_callback
                0x0000000020000618        0x4 CMakeFiles/beep_beep_rev.dir/home/fahim/pico/pico-sdk/src/rp2_common/pico_stdio_uart/stdio_uart.c.obj
 .bss.chars_available_param
                0x000000002000061c        0x4 CMakeFiles/beep_beep_rev.dir/home/fahim/pico/pico-sdk/src/rp2_common/pico_stdio_uart/stdio_uart.c.obj
 .bss.configured_freq
                0x0000000020000620       0x28 CMakeFiles/beep_beep_rev.dir/home/fahim/pico/pico-sdk/src/rp2_common/hardware_clocks/clocks.c.obj
 .bss.core_0_go
                0x0000000020000648        0x4 CMakeFiles/beep_beep_rev.dir/beep_beep_rev.c.obj
                0x0000000020000648                core_0_go
 .bss.core_1_go
                0x000000002000064c        0x4 CMakeFiles/beep_beep_rev.dir/beep_beep_rev.c.obj
                0x000000002000064c                core_1_go
 .bss.corenum_0
                0x0000000020000650        0x4 CMakeFiles/beep_beep_rev.dir/beep_beep_rev.c.obj
                0x0000000020000650                corenum_0
 .bss.count_0   0x0000000020000654        0x4 CMakeFiles/beep_beep_rev.dir/beep_beep_rev.c.obj
                0x0000000020000654                count_0
 .bss.current_amplitude_0
                0x0000000020000658        0x4 CMakeFiles/beep_beep_rev.dir/beep_beep_rev.c.obj
                0x0000000020000658                current_amplitude_0
 .bss.decay_inc
                0x000000002000065c        0x4 CMakeFiles/beep_beep_rev.dir/beep_beep_rev.c.obj
                0x000000002000065c                decay_inc
 .bss.default_alarm_pool_entry_ids_high
                0x0000000020000660       0x10 CMakeFiles/beep_beep_rev.dir/home/fahim/pico/pico-sdk/src/common/pico_time/time.c.obj
 .bss.default_alarm_pool_heap_nodes
                0x0000000020000670       0x30 CMakeFiles/beep_beep_rev.dir/home/fahim/pico/pico-sdk/src/common/pico_time/time.c.obj
 .bss.drivers   0x00000000200006a0        0x4 CMakeFiles/beep_beep_rev.dir/home/fahim/pico/pico-sdk/src/rp2_common/pico_stdio/stdio.c.obj
 .bss.filter    0x00000000200006a4        0x4 CMakeFiles/beep_beep_rev.dir/home/fahim/pico/pico-sdk/src/rp2_common/pico_stdio/stdio.c.obj
 .bss.global_counter
                0x00000000200006a8        0x4 CMakeFiles/beep_beep_rev.dir/beep_beep_rev.c.obj
                0x00000000200006a8                global_counter
 .bss.i.0       0x00000000200006ac        0x4 CMakeFiles/beep_beep_rev.dir/beep_beep_rev.c.obj
 .bss.i.1       0x00000000200006b0        0x4 CMakeFiles/beep_beep_rev.dir/beep_beep_rev.c.obj
 .bss.lazy_vsnprintf
                0x00000000200006b4        0x4 CMakeFiles/beep_beep_rev.dir/home/fahim/pico/pico-sdk/src/rp2_common/pico_printf/printf.c.obj
 .bss.phase_accum_main_0
                0x00000000200006b8        0x4 CMakeFiles/beep_beep_rev.dir/beep_beep_rev.c.obj
                0x00000000200006b8                phase_accum_main_0
 .bss.pools     0x00000000200006bc       0x10 CMakeFiles/beep_beep_rev.dir/home/fahim/pico/pico-sdk/src/common/pico_time/time.c.obj
 .bss.pt_sched  0x00000000200006cc        0x4 CMakeFiles/beep_beep_rev.dir/beep_beep_rev.c.obj
 .bss.pt_sched1
                0x00000000200006d0        0x4 CMakeFiles/beep_beep_rev.dir/beep_beep_rev.c.obj
 .bss.pt_sched_method
                0x00000000200006d4        0x4 CMakeFiles/beep_beep_rev.dir/beep_beep_rev.c.obj
                0x00000000200006d4                pt_sched_method
 .bss.pt_task_count
                0x00000000200006d8        0x4 CMakeFiles/beep_beep_rev.dir/beep_beep_rev.c.obj
                0x00000000200006d8                pt_task_count
 .bss.pt_task_count1
                0x00000000200006dc        0x4 CMakeFiles/beep_beep_rev.dir/beep_beep_rev.c.obj
                0x00000000200006dc                pt_task_count1
 .bss.pt_thread_list
                0x00000000200006e0       0x78 CMakeFiles/beep_beep_rev.dir/beep_beep_rev.c.obj
 .bss.pt_thread_list1
                0x0000000020000758       0x78 CMakeFiles/beep_beep_rev.dir/beep_beep_rev.c.obj
 .bss.sem_lock  0x00000000200007d0        0x4 CMakeFiles/beep_beep_rev.dir/beep_beep_rev.c.obj
                0x00000000200007d0                sem_lock
 .bss.sf_clz_func
                0x00000000200007d4        0x4 CMakeFiles/beep_beep_rev.dir/home/fahim/pico/pico-sdk/src/rp2_common/pico_double/double_init_rom.c.obj
                0x00000000200007d4                sf_clz_func
 .bss.sin_table
                0x00000000200007d8      0x400 CMakeFiles/beep_beep_rev.dir/beep_beep_rev.c.obj
                0x00000000200007d8                sin_table
 .bss.sleep_notifier
                0x0000000020000bd8        0x4 CMakeFiles/beep_beep_rev.dir/home/fahim/pico/pico-sdk/src/common/pico_time/time.c.obj
 .bss.target_hi
                0x0000000020000bdc       0x10 CMakeFiles/beep_beep_rev.dir/home/fahim/pico/pico-sdk/src/rp2_common/hardware_timer/timer.c.obj
 .bss.uart_char_to_line_feed
                0x0000000020000bec        0x4 CMakeFiles/beep_beep_rev.dir/home/fahim/pico/pico-sdk/src/rp2_common/hardware_uart/uart.c.obj
                0x0000000020000bec                uart_char_to_line_feed
 .bss.uart_instance
                0x0000000020000bf0        0x4 CMakeFiles/beep_beep_rev.dir/home/fahim/pico/pico-sdk/src/rp2_common/pico_stdio_uart/stdio_uart.c.obj
 .bss.DAC_data_0
                0x0000000020000bf4        0x2 CMakeFiles/beep_beep_rev.dir/beep_beep_rev.c.obj
                0x0000000020000bf4                DAC_data_0
 .bss.claimed   0x0000000020000bf6        0x1 CMakeFiles/beep_beep_rev.dir/home/fahim/pico/pico-sdk/src/rp2_common/hardware_timer/timer.c.obj
 .bss.irq_hander_chain_free_slot_head
                0x0000000020000bf7        0x1 CMakeFiles/beep_beep_rev.dir/home/fahim/pico/pico-sdk/src/rp2_common/hardware_irq/irq.c.obj
 .bss.timer_callbacks_pending
                0x0000000020000bf8        0x1 CMakeFiles/beep_beep_rev.dir/home/fahim/pico/pico-sdk/src/rp2_common/hardware_timer/timer.c.obj
 *(COMMON)
                0x0000000020000bfc                . = ALIGN (0x4)
 *fill*         0x0000000020000bf9        0x3 
                0x0000000020000bfc                __bss_end__ = .

.heap           0x0000000020000bfc      0x800
                0x0000000020000bfc                __end__ = .
                0x0000000020000bfc                end = __end__
 *(.heap*)
 .heap          0x0000000020000bfc      0x800 CMakeFiles/beep_beep_rev.dir/home/fahim/pico/pico-sdk/src/rp2_common/pico_standard_link/crt0.S.obj
                0x00000000200013fc                __HeapLimit = .

.stack1_dummy   0x0000000020040000      0x800
 *(.stack1*)
 .stack1        0x0000000020040000      0x800 CMakeFiles/beep_beep_rev.dir/home/fahim/pico/pico-sdk/src/rp2_common/pico_multicore/multicore.c.obj

.stack_dummy    0x0000000020041000      0x800
 *(.stack*)
 .stack         0x0000000020041000      0x800 CMakeFiles/beep_beep_rev.dir/home/fahim/pico/pico-sdk/src/rp2_common/pico_standard_link/crt0.S.obj

.flash_end      0x0000000010005c78        0x0
                0x0000000010005c78                PROVIDE (__flash_binary_end = .)
                0x0000000020040000                __StackLimit = (ORIGIN (RAM) + LENGTH (RAM))
                0x0000000020041000                __StackOneTop = (ORIGIN (SCRATCH_X) + LENGTH (SCRATCH_X))
                0x0000000020042000                __StackTop = (ORIGIN (SCRATCH_Y) + LENGTH (SCRATCH_Y))
                0x0000000020040800                __StackOneBottom = (__StackOneTop - SIZEOF (.stack1_dummy))
                0x0000000020041800                __StackBottom = (__StackTop - SIZEOF (.stack_dummy))
                0x0000000020042000                PROVIDE (__stack = __StackTop)
                0x0000000000000001                ASSERT ((__StackLimit >= __HeapLimit), region RAM overflowed)
                0x0000000000000001                ASSERT (((__binary_info_header_end - __logical_binary_start) <= 0x100), Binary info must be in first 256 bytes of the binary)
LOAD CMakeFiles/beep_beep_rev.dir/beep_beep_rev.c.obj
LOAD CMakeFiles/beep_beep_rev.dir/home/fahim/pico/pico-sdk/src/rp2_common/pico_multicore/multicore.c.obj
LOAD CMakeFiles/beep_beep_rev.dir/home/fahim/pico/pico-sdk/src/common/pico_sync/sem.c.obj
LOAD CMakeFiles/beep_beep_rev.dir/home/fahim/pico/pico-sdk/src/common/pico_sync/lock_core.c.obj
LOAD CMakeFiles/beep_beep_rev.dir/home/fahim/pico/pico-sdk/src/common/pico_sync/mutex.c.obj
LOAD CMakeFiles/beep_beep_rev.dir/home/fahim/pico/pico-sdk/src/common/pico_sync/critical_section.c.obj
LOAD CMakeFiles/beep_beep_rev.dir/home/fahim/pico/pico-sdk/src/common/pico_time/time.c.obj
LOAD CMakeFiles/beep_beep_rev.dir/home/fahim/pico/pico-sdk/src/common/pico_time/timeout_helper.c.obj
LOAD CMakeFiles/beep_beep_rev.dir/home/fahim/pico/pico-sdk/src/rp2_common/hardware_timer/timer.c.obj
LOAD CMakeFiles/beep_beep_rev.dir/home/fahim/pico/pico-sdk/src/rp2_common/pico_platform/platform.c.obj
LOAD CMakeFiles/beep_beep_rev.dir/home/fahim/pico/pico-sdk/src/rp2_common/hardware_claim/claim.c.obj
LOAD CMakeFiles/beep_beep_rev.dir/home/fahim/pico/pico-sdk/src/rp2_common/hardware_sync/sync.c.obj
LOAD CMakeFiles/beep_beep_rev.dir/home/fahim/pico/pico-sdk/src/rp2_common/hardware_irq/irq.c.obj
LOAD CMakeFiles/beep_beep_rev.dir/home/fahim/pico/pico-sdk/src/rp2_common/hardware_irq/irq_handler_chain.S.obj
LOAD CMakeFiles/beep_beep_rev.dir/home/fahim/pico/pico-sdk/src/common/pico_util/datetime.c.obj
LOAD CMakeFiles/beep_beep_rev.dir/home/fahim/pico/pico-sdk/src/common/pico_util/pheap.c.obj
LOAD CMakeFiles/beep_beep_rev.dir/home/fahim/pico/pico-sdk/src/common/pico_util/queue.c.obj
LOAD CMakeFiles/beep_beep_rev.dir/home/fahim/pico/pico-sdk/src/rp2_common/pico_stdlib/stdlib.c.obj
LOAD CMakeFiles/beep_beep_rev.dir/home/fahim/pico/pico-sdk/src/rp2_common/hardware_gpio/gpio.c.obj
LOAD CMakeFiles/beep_beep_rev.dir/home/fahim/pico/pico-sdk/src/rp2_common/hardware_uart/uart.c.obj
LOAD CMakeFiles/beep_beep_rev.dir/home/fahim/pico/pico-sdk/src/rp2_common/hardware_clocks/clocks.c.obj
LOAD CMakeFiles/beep_beep_rev.dir/home/fahim/pico/pico-sdk/src/rp2_common/hardware_pll/pll.c.obj
LOAD CMakeFiles/beep_beep_rev.dir/home/fahim/pico/pico-sdk/src/rp2_common/hardware_vreg/vreg.c.obj
LOAD CMakeFiles/beep_beep_rev.dir/home/fahim/pico/pico-sdk/src/rp2_common/hardware_watchdog/watchdog.c.obj
LOAD CMakeFiles/beep_beep_rev.dir/home/fahim/pico/pico-sdk/src/rp2_common/hardware_xosc/xosc.c.obj
LOAD CMakeFiles/beep_beep_rev.dir/home/fahim/pico/pico-sdk/src/rp2_common/hardware_divider/divider.S.obj
LOAD CMakeFiles/beep_beep_rev.dir/home/fahim/pico/pico-sdk/src/rp2_common/pico_runtime/runtime.c.obj
LOAD CMakeFiles/beep_beep_rev.dir/home/fahim/pico/pico-sdk/src/rp2_common/pico_printf/printf.c.obj
LOAD CMakeFiles/beep_beep_rev.dir/home/fahim/pico/pico-sdk/src/rp2_common/pico_bit_ops/bit_ops_aeabi.S.obj
LOAD CMakeFiles/beep_beep_rev.dir/home/fahim/pico/pico-sdk/src/rp2_common/pico_bootrom/bootrom.c.obj
LOAD CMakeFiles/beep_beep_rev.dir/home/fahim/pico/pico-sdk/src/rp2_common/pico_divider/divider.S.obj
LOAD CMakeFiles/beep_beep_rev.dir/home/fahim/pico/pico-sdk/src/rp2_common/pico_double/double_aeabi.S.obj
LOAD CMakeFiles/beep_beep_rev.dir/home/fahim/pico/pico-sdk/src/rp2_common/pico_double/double_init_rom.c.obj
LOAD CMakeFiles/beep_beep_rev.dir/home/fahim/pico/pico-sdk/src/rp2_common/pico_double/double_math.c.obj
LOAD CMakeFiles/beep_beep_rev.dir/home/fahim/pico/pico-sdk/src/rp2_common/pico_double/double_v1_rom_shim.S.obj
LOAD CMakeFiles/beep_beep_rev.dir/home/fahim/pico/pico-sdk/src/rp2_common/pico_int64_ops/pico_int64_ops_aeabi.S.obj
LOAD CMakeFiles/beep_beep_rev.dir/home/fahim/pico/pico-sdk/src/rp2_common/pico_float/float_aeabi.S.obj
LOAD CMakeFiles/beep_beep_rev.dir/home/fahim/pico/pico-sdk/src/rp2_common/pico_float/float_init_rom.c.obj
LOAD CMakeFiles/beep_beep_rev.dir/home/fahim/pico/pico-sdk/src/rp2_common/pico_float/float_math.c.obj
LOAD CMakeFiles/beep_beep_rev.dir/home/fahim/pico/pico-sdk/src/rp2_common/pico_float/float_v1_rom_shim.S.obj
LOAD CMakeFiles/beep_beep_rev.dir/home/fahim/pico/pico-sdk/src/rp2_common/pico_malloc/pico_malloc.c.obj
LOAD CMakeFiles/beep_beep_rev.dir/home/fahim/pico/pico-sdk/src/rp2_common/pico_mem_ops/mem_ops_aeabi.S.obj
LOAD CMakeFiles/beep_beep_rev.dir/home/fahim/pico/pico-sdk/src/rp2_common/pico_standard_link/crt0.S.obj
LOAD CMakeFiles/beep_beep_rev.dir/home/fahim/pico/pico-sdk/src/rp2_common/pico_standard_link/new_delete.cpp.obj
LOAD CMakeFiles/beep_beep_rev.dir/home/fahim/pico/pico-sdk/src/rp2_common/pico_standard_link/binary_info.c.obj
LOAD CMakeFiles/beep_beep_rev.dir/home/fahim/pico/pico-sdk/src/rp2_common/pico_stdio/stdio.c.obj
LOAD CMakeFiles/beep_beep_rev.dir/home/fahim/pico/pico-sdk/src/rp2_common/pico_stdio_uart/stdio_uart.c.obj
LOAD CMakeFiles/beep_beep_rev.dir/home/fahim/pico/pico-sdk/src/rp2_common/hardware_spi/spi.c.obj
LOAD CMakeFiles/beep_beep_rev.dir/home/fahim/pico/pico-sdk/src/rp2_common/pico_bootsel_via_double_reset/pico_bootsel_via_double_reset.c.obj
LOAD /tmp/cc87Poae.o
LOAD /usr/lib/gcc/arm-none-eabi/10.3.1/../../../arm-none-eabi/lib/thumb/v6-m/nofp/libstdc++.a
LOAD /usr/lib/gcc/arm-none-eabi/10.3.1/../../../arm-none-eabi/lib/thumb/v6-m/nofp/libm.a
START GROUP
LOAD /usr/lib/gcc/arm-none-eabi/10.3.1/thumb/v6-m/nofp/libgcc.a
LOAD /usr/lib/gcc/arm-none-eabi/10.3.1/../../../arm-none-eabi/lib/thumb/v6-m/nofp/libc.a
END GROUP
START GROUP
LOAD /usr/lib/gcc/arm-none-eabi/10.3.1/thumb/v6-m/nofp/libgcc.a
LOAD /usr/lib/gcc/arm-none-eabi/10.3.1/../../../arm-none-eabi/lib/thumb/v6-m/nofp/libc.a
LOAD /usr/lib/gcc/arm-none-eabi/10.3.1/../../../arm-none-eabi/lib/thumb/v6-m/nofp/libnosys.a
END GROUP
LOAD /usr/lib/gcc/arm-none-eabi/10.3.1/thumb/v6-m/nofp/crtend.o
LOAD /usr/lib/gcc/arm-none-eabi/10.3.1/thumb/v6-m/nofp/crtn.o
OUTPUT(beep_beep_rev.elf elf32-littlearm)
LOAD linker stubs

.ARM.attributes
                0x0000000000000000       0x28
 .ARM.attributes
                0x0000000000000000       0x1e /usr/lib/gcc/arm-none-eabi/10.3.1/thumb/v6-m/nofp/crti.o
 .ARM.attributes
                0x000000000000001e       0x2c /usr/lib/gcc/arm-none-eabi/10.3.1/thumb/v6-m/nofp/crtbegin.o
 .ARM.attributes
                0x000000000000004a       0x2c CMakeFiles/beep_beep_rev.dir/beep_beep_rev.c.obj
 .ARM.attributes
                0x0000000000000076       0x2c CMakeFiles/beep_beep_rev.dir/home/fahim/pico/pico-sdk/src/rp2_common/pico_multicore/multicore.c.obj
 .ARM.attributes
                0x00000000000000a2       0x2c CMakeFiles/beep_beep_rev.dir/home/fahim/pico/pico-sdk/src/common/pico_sync/lock_core.c.obj
 .ARM.attributes
                0x00000000000000ce       0x2c CMakeFiles/beep_beep_rev.dir/home/fahim/pico/pico-sdk/src/common/pico_sync/mutex.c.obj
 .ARM.attributes
                0x00000000000000fa       0x2c CMakeFiles/beep_beep_rev.dir/home/fahim/pico/pico-sdk/src/common/pico_time/time.c.obj
 .ARM.attributes
                0x0000000000000126       0x2c CMakeFiles/beep_beep_rev.dir/home/fahim/pico/pico-sdk/src/rp2_common/hardware_timer/timer.c.obj
 .ARM.attributes
                0x0000000000000152       0x2c CMakeFiles/beep_beep_rev.dir/home/fahim/pico/pico-sdk/src/rp2_common/pico_platform/platform.c.obj
 .ARM.attributes
                0x000000000000017e       0x2c CMakeFiles/beep_beep_rev.dir/home/fahim/pico/pico-sdk/src/rp2_common/hardware_claim/claim.c.obj
 .ARM.attributes
                0x00000000000001aa       0x2c CMakeFiles/beep_beep_rev.dir/home/fahim/pico/pico-sdk/src/rp2_common/hardware_sync/sync.c.obj
 .ARM.attributes
                0x00000000000001d6       0x2c CMakeFiles/beep_beep_rev.dir/home/fahim/pico/pico-sdk/src/rp2_common/hardware_irq/irq.c.obj
 .ARM.attributes
                0x0000000000000202       0x22 CMakeFiles/beep_beep_rev.dir/home/fahim/pico/pico-sdk/src/rp2_common/hardware_irq/irq_handler_chain.S.obj
 .ARM.attributes
                0x0000000000000224       0x2c CMakeFiles/beep_beep_rev.dir/home/fahim/pico/pico-sdk/src/common/pico_util/pheap.c.obj
 .ARM.attributes
                0x0000000000000250       0x2c CMakeFiles/beep_beep_rev.dir/home/fahim/pico/pico-sdk/src/rp2_common/hardware_gpio/gpio.c.obj
 .ARM.attributes
                0x000000000000027c       0x2c CMakeFiles/beep_beep_rev.dir/home/fahim/pico/pico-sdk/src/rp2_common/hardware_uart/uart.c.obj
 .ARM.attributes
                0x00000000000002a8       0x2c CMakeFiles/beep_beep_rev.dir/home/fahim/pico/pico-sdk/src/rp2_common/hardware_clocks/clocks.c.obj
 .ARM.attributes
                0x00000000000002d4       0x2c CMakeFiles/beep_beep_rev.dir/home/fahim/pico/pico-sdk/src/rp2_common/hardware_pll/pll.c.obj
 .ARM.attributes
                0x0000000000000300       0x2c CMakeFiles/beep_beep_rev.dir/home/fahim/pico/pico-sdk/src/rp2_common/hardware_watchdog/watchdog.c.obj
 .ARM.attributes
                0x000000000000032c       0x2c CMakeFiles/beep_beep_rev.dir/home/fahim/pico/pico-sdk/src/rp2_common/hardware_xosc/xosc.c.obj
 .ARM.attributes
                0x0000000000000358       0x2c CMakeFiles/beep_beep_rev.dir/home/fahim/pico/pico-sdk/src/rp2_common/pico_runtime/runtime.c.obj
 .ARM.attributes
                0x0000000000000384       0x2c CMakeFiles/beep_beep_rev.dir/home/fahim/pico/pico-sdk/src/rp2_common/pico_printf/printf.c.obj
 .ARM.attributes
                0x00000000000003b0       0x22 CMakeFiles/beep_beep_rev.dir/home/fahim/pico/pico-sdk/src/rp2_common/pico_bit_ops/bit_ops_aeabi.S.obj
 .ARM.attributes
                0x00000000000003d2       0x2c CMakeFiles/beep_beep_rev.dir/home/fahim/pico/pico-sdk/src/rp2_common/pico_bootrom/bootrom.c.obj
 .ARM.attributes
                0x00000000000003fe       0x22 CMakeFiles/beep_beep_rev.dir/home/fahim/pico/pico-sdk/src/rp2_common/pico_divider/divider.S.obj
 .ARM.attributes
                0x0000000000000420       0x22 CMakeFiles/beep_beep_rev.dir/home/fahim/pico/pico-sdk/src/rp2_common/pico_double/double_aeabi.S.obj
 .ARM.attributes
                0x0000000000000442       0x2c CMakeFiles/beep_beep_rev.dir/home/fahim/pico/pico-sdk/src/rp2_common/pico_double/double_init_rom.c.obj
 .ARM.attributes
                0x000000000000046e       0x2c CMakeFiles/beep_beep_rev.dir/home/fahim/pico/pico-sdk/src/rp2_common/pico_double/double_math.c.obj
 .ARM.attributes
                0x000000000000049a       0x22 CMakeFiles/beep_beep_rev.dir/home/fahim/pico/pico-sdk/src/rp2_common/pico_double/double_v1_rom_shim.S.obj
 .ARM.attributes
                0x00000000000004bc       0x22 CMakeFiles/beep_beep_rev.dir/home/fahim/pico/pico-sdk/src/rp2_common/pico_int64_ops/pico_int64_ops_aeabi.S.obj
 .ARM.attributes
                0x00000000000004de       0x22 CMakeFiles/beep_beep_rev.dir/home/fahim/pico/pico-sdk/src/rp2_common/pico_float/float_aeabi.S.obj
 .ARM.attributes
                0x0000000000000500       0x2c CMakeFiles/beep_beep_rev.dir/home/fahim/pico/pico-sdk/src/rp2_common/pico_float/float_init_rom.c.obj
 .ARM.attributes
                0x000000000000052c       0x22 CMakeFiles/beep_beep_rev.dir/home/fahim/pico/pico-sdk/src/rp2_common/pico_float/float_v1_rom_shim.S.obj
 .ARM.attributes
                0x000000000000054e       0x2c CMakeFiles/beep_beep_rev.dir/home/fahim/pico/pico-sdk/src/rp2_common/pico_malloc/pico_malloc.c.obj
 .ARM.attributes
                0x000000000000057a       0x22 CMakeFiles/beep_beep_rev.dir/home/fahim/pico/pico-sdk/src/rp2_common/pico_mem_ops/mem_ops_aeabi.S.obj
 .ARM.attributes
                0x000000000000059c       0x22 CMakeFiles/beep_beep_rev.dir/home/fahim/pico/pico-sdk/src/rp2_common/pico_standard_link/crt0.S.obj
 .ARM.attributes
                0x00000000000005be       0x32 CMakeFiles/beep_beep_rev.dir/home/fahim/pico/pico-sdk/src/rp2_common/pico_standard_link/binary_info.c.obj
 .ARM.attributes
                0x00000000000005f0       0x2c CMakeFiles/beep_beep_rev.dir/home/fahim/pico/pico-sdk/src/rp2_common/pico_stdio/stdio.c.obj
 .ARM.attributes
                0x000000000000061c       0x2c CMakeFiles/beep_beep_rev.dir/home/fahim/pico/pico-sdk/src/rp2_common/pico_stdio_uart/stdio_uart.c.obj
 .ARM.attributes
                0x0000000000000648       0x2c CMakeFiles/beep_beep_rev.dir/home/fahim/pico/pico-sdk/src/rp2_common/hardware_spi/spi.c.obj
 .ARM.attributes
                0x0000000000000674       0x2c CMakeFiles/beep_beep_rev.dir/home/fahim/pico/pico-sdk/src/rp2_common/pico_bootsel_via_double_reset/pico_bootsel_via_double_reset.c.obj
 .ARM.attributes
                0x00000000000006a0       0x22 /tmp/cc87Poae.o
 .ARM.attributes
                0x00000000000006c2       0x1e /usr/lib/gcc/arm-none-eabi/10.3.1/thumb/v6-m/nofp/libgcc.a(_dvmd_tls.o)
 .ARM.attributes
                0x00000000000006e0       0x2c /usr/lib/gcc/arm-none-eabi/10.3.1/../../../arm-none-eabi/lib/thumb/v6-m/nofp/libc.a(lib_a-strlen-stub.o)
 .ARM.attributes
                0x000000000000070c       0x2c /usr/lib/gcc/arm-none-eabi/10.3.1/thumb/v6-m/nofp/crtend.o

.comment        0x0000000000000000       0x33
 .comment       0x0000000000000000       0x33 /usr/lib/gcc/arm-none-eabi/10.3.1/thumb/v6-m/nofp/crtbegin.o
                                         0x34 (size before relaxing)
 .comment       0x0000000000000033       0x34 CMakeFiles/beep_beep_rev.dir/beep_beep_rev.c.obj
 .comment       0x0000000000000033       0x34 CMakeFiles/beep_beep_rev.dir/home/fahim/pico/pico-sdk/src/rp2_common/pico_multicore/multicore.c.obj
 .comment       0x0000000000000033       0x34 CMakeFiles/beep_beep_rev.dir/home/fahim/pico/pico-sdk/src/common/pico_sync/lock_core.c.obj
 .comment       0x0000000000000033       0x34 CMakeFiles/beep_beep_rev.dir/home/fahim/pico/pico-sdk/src/common/pico_sync/mutex.c.obj
 .comment       0x0000000000000033       0x34 CMakeFiles/beep_beep_rev.dir/home/fahim/pico/pico-sdk/src/common/pico_time/time.c.obj
 .comment       0x0000000000000033       0x34 CMakeFiles/beep_beep_rev.dir/home/fahim/pico/pico-sdk/src/rp2_common/hardware_timer/timer.c.obj
 .comment       0x0000000000000033       0x34 CMakeFiles/beep_beep_rev.dir/home/fahim/pico/pico-sdk/src/rp2_common/pico_platform/platform.c.obj
 .comment       0x0000000000000033       0x34 CMakeFiles/beep_beep_rev.dir/home/fahim/pico/pico-sdk/src/rp2_common/hardware_claim/claim.c.obj
 .comment       0x0000000000000033       0x34 CMakeFiles/beep_beep_rev.dir/home/fahim/pico/pico-sdk/src/rp2_common/hardware_sync/sync.c.obj
 .comment       0x0000000000000033       0x34 CMakeFiles/beep_beep_rev.dir/home/fahim/pico/pico-sdk/src/rp2_common/hardware_irq/irq.c.obj
 .comment       0x0000000000000033       0x34 CMakeFiles/beep_beep_rev.dir/home/fahim/pico/pico-sdk/src/common/pico_util/pheap.c.obj
 .comment       0x0000000000000033       0x34 CMakeFiles/beep_beep_rev.dir/home/fahim/pico/pico-sdk/src/rp2_common/hardware_gpio/gpio.c.obj
 .comment       0x0000000000000033       0x34 CMakeFiles/beep_beep_rev.dir/home/fahim/pico/pico-sdk/src/rp2_common/hardware_uart/uart.c.obj
 .comment       0x0000000000000033       0x34 CMakeFiles/beep_beep_rev.dir/home/fahim/pico/pico-sdk/src/rp2_common/hardware_clocks/clocks.c.obj
 .comment       0x0000000000000033       0x34 CMakeFiles/beep_beep_rev.dir/home/fahim/pico/pico-sdk/src/rp2_common/hardware_pll/pll.c.obj
 .comment       0x0000000000000033       0x34 CMakeFiles/beep_beep_rev.dir/home/fahim/pico/pico-sdk/src/rp2_common/hardware_watchdog/watchdog.c.obj
 .comment       0x0000000000000033       0x34 CMakeFiles/beep_beep_rev.dir/home/fahim/pico/pico-sdk/src/rp2_common/hardware_xosc/xosc.c.obj
 .comment       0x0000000000000033       0x34 CMakeFiles/beep_beep_rev.dir/home/fahim/pico/pico-sdk/src/rp2_common/pico_runtime/runtime.c.obj
 .comment       0x0000000000000033       0x34 CMakeFiles/beep_beep_rev.dir/home/fahim/pico/pico-sdk/src/rp2_common/pico_printf/printf.c.obj
 .comment       0x0000000000000033       0x34 CMakeFiles/beep_beep_rev.dir/home/fahim/pico/pico-sdk/src/rp2_common/pico_bootrom/bootrom.c.obj
 .comment       0x0000000000000033       0x34 CMakeFiles/beep_beep_rev.dir/home/fahim/pico/pico-sdk/src/rp2_common/pico_double/double_init_rom.c.obj
 .comment       0x0000000000000033       0x34 CMakeFiles/beep_beep_rev.dir/home/fahim/pico/pico-sdk/src/rp2_common/pico_double/double_math.c.obj
 .comment       0x0000000000000033       0x34 CMakeFiles/beep_beep_rev.dir/home/fahim/pico/pico-sdk/src/rp2_common/pico_float/float_init_rom.c.obj
 .comment       0x0000000000000033       0x34 CMakeFiles/beep_beep_rev.dir/home/fahim/pico/pico-sdk/src/rp2_common/pico_malloc/pico_malloc.c.obj
 .comment       0x0000000000000033       0x34 CMakeFiles/beep_beep_rev.dir/home/fahim/pico/pico-sdk/src/rp2_common/pico_standard_link/binary_info.c.obj
 .comment       0x0000000000000033       0x34 CMakeFiles/beep_beep_rev.dir/home/fahim/pico/pico-sdk/src/rp2_common/pico_stdio/stdio.c.obj
 .comment       0x0000000000000033       0x34 CMakeFiles/beep_beep_rev.dir/home/fahim/pico/pico-sdk/src/rp2_common/pico_stdio_uart/stdio_uart.c.obj
 .comment       0x0000000000000033       0x34 CMakeFiles/beep_beep_rev.dir/home/fahim/pico/pico-sdk/src/rp2_common/hardware_spi/spi.c.obj
 .comment       0x0000000000000033       0x34 CMakeFiles/beep_beep_rev.dir/home/fahim/pico/pico-sdk/src/rp2_common/pico_bootsel_via_double_reset/pico_bootsel_via_double_reset.c.obj
 .comment       0x0000000000000033       0x34 /usr/lib/gcc/arm-none-eabi/10.3.1/../../../arm-none-eabi/lib/thumb/v6-m/nofp/libc.a(lib_a-strlen-stub.o)
 .comment       0x0000000000000033       0x34 /usr/lib/gcc/arm-none-eabi/10.3.1/thumb/v6-m/nofp/crtend.o

.debug_line     0x0000000000000000      0x1d2
 .debug_line    0x0000000000000000       0x60 /usr/lib/gcc/arm-none-eabi/10.3.1/thumb/v6-m/nofp/libgcc.a(_dvmd_tls.o)
 .debug_line    0x0000000000000060      0x172 /usr/lib/gcc/arm-none-eabi/10.3.1/../../../arm-none-eabi/lib/thumb/v6-m/nofp/libc.a(lib_a-strlen-stub.o)

.debug_info     0x0000000000000000      0x114
 .debug_info    0x0000000000000000       0x26 /usr/lib/gcc/arm-none-eabi/10.3.1/thumb/v6-m/nofp/libgcc.a(_dvmd_tls.o)
 .debug_info    0x0000000000000026       0xee /usr/lib/gcc/arm-none-eabi/10.3.1/../../../arm-none-eabi/lib/thumb/v6-m/nofp/libc.a(lib_a-strlen-stub.o)

.debug_abbrev   0x0000000000000000       0xa3
 .debug_abbrev  0x0000000000000000       0x14 /usr/lib/gcc/arm-none-eabi/10.3.1/thumb/v6-m/nofp/libgcc.a(_dvmd_tls.o)
 .debug_abbrev  0x0000000000000014       0x8f /usr/lib/gcc/arm-none-eabi/10.3.1/../../../arm-none-eabi/lib/thumb/v6-m/nofp/libc.a(lib_a-strlen-stub.o)

.debug_aranges  0x0000000000000000       0x40
 .debug_aranges
                0x0000000000000000       0x20 /usr/lib/gcc/arm-none-eabi/10.3.1/thumb/v6-m/nofp/libgcc.a(_dvmd_tls.o)
 .debug_aranges
                0x0000000000000020       0x20 /usr/lib/gcc/arm-none-eabi/10.3.1/../../../arm-none-eabi/lib/thumb/v6-m/nofp/libc.a(lib_a-strlen-stub.o)

.debug_str      0x0000000000000000      0x232
 .debug_str     0x0000000000000000       0xa6 /usr/lib/gcc/arm-none-eabi/10.3.1/thumb/v6-m/nofp/libgcc.a(_dvmd_tls.o)
 .debug_str     0x00000000000000a6      0x18c /usr/lib/gcc/arm-none-eabi/10.3.1/../../../arm-none-eabi/lib/thumb/v6-m/nofp/libc.a(lib_a-strlen-stub.o)
                                        0x1c5 (size before relaxing)

.debug_loc      0x0000000000000000       0x90
 .debug_loc     0x0000000000000000       0x90 /usr/lib/gcc/arm-none-eabi/10.3.1/../../../arm-none-eabi/lib/thumb/v6-m/nofp/libc.a(lib_a-strlen-stub.o)

.debug_frame    0x0000000000000000       0x28
 .debug_frame   0x0000000000000000       0x28 /usr/lib/gcc/arm-none-eabi/10.3.1/../../../arm-none-eabi/lib/thumb/v6-m/nofp/libc.a(lib_a-strlen-stub.o)
